Component: ARM Compiler 5.06 update 4 (build 422) Tool: armlink [4d35d2]

==============================================================================

Section Cross References

    startup_stm32f427xx.o(STACK) refers (Special) to heapauxi.o(.text) for __use_two_region_memory
    startup_stm32f427xx.o(HEAP) refers (Special) to heapauxi.o(.text) for __use_two_region_memory
    startup_stm32f427xx.o(RESET) refers (Special) to heapauxi.o(.text) for __use_two_region_memory
    startup_stm32f427xx.o(RESET) refers to startup_stm32f427xx.o(STACK) for __initial_sp
    startup_stm32f427xx.o(RESET) refers to startup_stm32f427xx.o(.text) for Reset_Handler
    startup_stm32f427xx.o(RESET) refers to stm32f4xx_it.o(i.NMI_Handler) for NMI_Handler
    startup_stm32f427xx.o(RESET) refers to stm32f4xx_it.o(i.HardFault_Handler) for HardFault_Handler
    startup_stm32f427xx.o(RESET) refers to stm32f4xx_it.o(i.MemManage_Handler) for MemManage_Handler
    startup_stm32f427xx.o(RESET) refers to stm32f4xx_it.o(i.BusFault_Handler) for BusFault_Handler
    startup_stm32f427xx.o(RESET) refers to stm32f4xx_it.o(i.UsageFault_Handler) for UsageFault_Handler
    startup_stm32f427xx.o(RESET) refers to stm32f4xx_it.o(i.DebugMon_Handler) for DebugMon_Handler
    startup_stm32f427xx.o(RESET) refers to imu.o(i.EXTI9_5_IRQHandler) for EXTI9_5_IRQHandler
    startup_stm32f427xx.o(RESET) refers to usart.o(i.USART1_IRQHandler) for USART1_IRQHandler
    startup_stm32f427xx.o(RESET) refers to timer.o(i.TIM6_DAC_IRQHandler) for TIM6_DAC_IRQHandler
    startup_stm32f427xx.o(RESET) refers to remote.o(i.DMA2_Stream2_IRQHandler) for DMA2_Stream2_IRQHandler
    startup_stm32f427xx.o(RESET) refers to imu.o(i.DMA2_Stream5_IRQHandler) for DMA2_Stream5_IRQHandler
    startup_stm32f427xx.o(.text) refers (Special) to heapauxi.o(.text) for __use_two_region_memory
    startup_stm32f427xx.o(.text) refers to system_stm32f4xx.o(i.SystemInit) for SystemInit
    startup_stm32f427xx.o(.text) refers to __main.o(!!!main) for __main
    startup_stm32f427xx.o(.text) refers to startup_stm32f427xx.o(HEAP) for Heap_Mem
    startup_stm32f427xx.o(.text) refers to startup_stm32f427xx.o(STACK) for Stack_Mem
    stm32f4xx_adc.o(i.ADC_DeInit) refers to stm32f4xx_rcc.o(i.RCC_APB2PeriphResetCmd) for RCC_APB2PeriphResetCmd
    stm32f4xx_can.o(i.CAN_DeInit) refers to stm32f4xx_rcc.o(i.RCC_APB1PeriphResetCmd) for RCC_APB1PeriphResetCmd
    stm32f4xx_can.o(i.CAN_GetITStatus) refers to stm32f4xx_can.o(i.CheckITStatus) for CheckITStatus
    stm32f4xx_cryp.o(i.CRYP_DeInit) refers to stm32f4xx_rcc.o(i.RCC_AHB2PeriphResetCmd) for RCC_AHB2PeriphResetCmd
    stm32f4xx_cryp_aes.o(i.CRYP_AES_CBC) refers to stm32f4xx_cryp.o(i.CRYP_KeyStructInit) for CRYP_KeyStructInit
    stm32f4xx_cryp_aes.o(i.CRYP_AES_CBC) refers to stm32f4xx_cryp.o(i.CRYP_FIFOFlush) for CRYP_FIFOFlush
    stm32f4xx_cryp_aes.o(i.CRYP_AES_CBC) refers to stm32f4xx_cryp.o(i.CRYP_Init) for CRYP_Init
    stm32f4xx_cryp_aes.o(i.CRYP_AES_CBC) refers to stm32f4xx_cryp.o(i.CRYP_KeyInit) for CRYP_KeyInit
    stm32f4xx_cryp_aes.o(i.CRYP_AES_CBC) refers to stm32f4xx_cryp.o(i.CRYP_Cmd) for CRYP_Cmd
    stm32f4xx_cryp_aes.o(i.CRYP_AES_CBC) refers to stm32f4xx_cryp.o(i.CRYP_GetFlagStatus) for CRYP_GetFlagStatus
    stm32f4xx_cryp_aes.o(i.CRYP_AES_CBC) refers to stm32f4xx_cryp.o(i.CRYP_IVInit) for CRYP_IVInit
    stm32f4xx_cryp_aes.o(i.CRYP_AES_CBC) refers to stm32f4xx_cryp.o(i.CRYP_GetCmdStatus) for CRYP_GetCmdStatus
    stm32f4xx_cryp_aes.o(i.CRYP_AES_CBC) refers to stm32f4xx_cryp.o(i.CRYP_DataIn) for CRYP_DataIn
    stm32f4xx_cryp_aes.o(i.CRYP_AES_CBC) refers to stm32f4xx_cryp.o(i.CRYP_DataOut) for CRYP_DataOut
    stm32f4xx_cryp_aes.o(i.CRYP_AES_CCM) refers to stm32f4xx_cryp.o(i.CRYP_KeyStructInit) for CRYP_KeyStructInit
    stm32f4xx_cryp_aes.o(i.CRYP_AES_CCM) refers to stm32f4xx_cryp.o(i.CRYP_FIFOFlush) for CRYP_FIFOFlush
    stm32f4xx_cryp_aes.o(i.CRYP_AES_CCM) refers to stm32f4xx_cryp.o(i.CRYP_KeyInit) for CRYP_KeyInit
    stm32f4xx_cryp_aes.o(i.CRYP_AES_CCM) refers to stm32f4xx_cryp.o(i.CRYP_IVInit) for CRYP_IVInit
    stm32f4xx_cryp_aes.o(i.CRYP_AES_CCM) refers to stm32f4xx_cryp.o(i.CRYP_Init) for CRYP_Init
    stm32f4xx_cryp_aes.o(i.CRYP_AES_CCM) refers to stm32f4xx_cryp.o(i.CRYP_PhaseConfig) for CRYP_PhaseConfig
    stm32f4xx_cryp_aes.o(i.CRYP_AES_CCM) refers to stm32f4xx_cryp.o(i.CRYP_DataIn) for CRYP_DataIn
    stm32f4xx_cryp_aes.o(i.CRYP_AES_CCM) refers to stm32f4xx_cryp.o(i.CRYP_Cmd) for CRYP_Cmd
    stm32f4xx_cryp_aes.o(i.CRYP_AES_CCM) refers to stm32f4xx_cryp.o(i.CRYP_GetCmdStatus) for CRYP_GetCmdStatus
    stm32f4xx_cryp_aes.o(i.CRYP_AES_CCM) refers to stm32f4xx_cryp.o(i.CRYP_GetFlagStatus) for CRYP_GetFlagStatus
    stm32f4xx_cryp_aes.o(i.CRYP_AES_CCM) refers to stm32f4xx_cryp.o(i.CRYP_DataOut) for CRYP_DataOut
    stm32f4xx_cryp_aes.o(i.CRYP_AES_CTR) refers to stm32f4xx_cryp.o(i.CRYP_KeyStructInit) for CRYP_KeyStructInit
    stm32f4xx_cryp_aes.o(i.CRYP_AES_CTR) refers to stm32f4xx_cryp.o(i.CRYP_KeyInit) for CRYP_KeyInit
[...]
    i.main                                   0x080048a8   Section        0  main.o(i.main)
    i.mpu6500_GPIO_init                      0x080048c4   Section        0  mpu6500driver_middleware.o(i.mpu6500_GPIO_init)
    i.mpu6500_SPI_NS_H                       0x080048f8   Section        0  mpu6500driver_middleware.o(i.mpu6500_SPI_NS_H)
    i.mpu6500_SPI_NS_L                       0x08004908   Section        0  mpu6500driver_middleware.o(i.mpu6500_SPI_NS_L)
    i.mpu6500_SPI_read_write_byte            0x08004918   Section        0  mpu6500driver_middleware.o(i.mpu6500_SPI_read_write_byte)
    mpu6500_SPI_read_write_byte              0x08004919   Thumb Code    78  mpu6500driver_middleware.o(i.mpu6500_SPI_read_write_byte)
    i.mpu6500_com_init                       0x0800496c   Section        0  mpu6500driver_middleware.o(i.mpu6500_com_init)
    i.mpu6500_init                           0x08004974   Section        0  mpu6500driver.o(i.mpu6500_init)
    i.mpu6500_middleware_delay_ms            0x08004a38   Section        0  mpu6500driver_middleware.o(i.mpu6500_middleware_delay_ms)
    i.mpu6500_middleware_delay_us            0x08004a44   Section        0  mpu6500driver_middleware.o(i.mpu6500_middleware_delay_us)
    i.mpu6500_read_over                      0x08004a50   Section        0  mpu6500driver.o(i.mpu6500_read_over)
    i.mpu6500_read_single_reg                0x08004b90   Section        0  mpu6500driver_middleware.o(i.mpu6500_read_single_reg)
    i.mpu6500_write_single_reg               0x08004bb0   Section        0  mpu6500driver_middleware.o(i.mpu6500_write_single_reg)
    i.pid_incr_calc                          0x08004bcc   Section        0  rm_pid.o(i.pid_incr_calc)
    i.pid_incr_init                          0x08004cc4   Section        0  rm_pid.o(i.pid_incr_init)
    i.pid_init                               0x08004d1c   Section        0  rm_pid.o(i.pid_init)
    pid_init                                 0x08004d1d   Thumb Code   112  rm_pid.o(i.pid_init)
    i.pid_reset                              0x08004d94   Section        0  rm_pid.o(i.pid_reset)
    pid_reset                                0x08004d95   Thumb Code    34  rm_pid.o(i.pid_reset)
    i.power_ctrl_configuration               0x08004dbc   Section        0  power_24v.o(i.power_ctrl_configuration)
    i.power_ctrl_off                         0x08004e04   Section        0  power_24v.o(i.power_ctrl_off)
    i.power_ctrl_on                          0x08004e24   Section        0  power_24v.o(i.power_ctrl_on)
    i.quat_normalization                     0x08004e44   Section        0  ahrs.o(i.quat_normalization)
    quat_normalization                       0x08004e45   Thumb Code   126  ahrs.o(i.quat_normalization)
    i.sqrtf                                  0x08004ec8   Section        0  sqrtf_full.o(i.sqrtf)
    i.temperature_ADC_Reset                  0x08004f08   Section        0  adc.o(i.temperature_ADC_Reset)
    i.temperature_ADC_init                   0x08004f34   Section        0  adc.o(i.temperature_ADC_init)
    i.update_w                               0x08004f88   Section        0  ahrs.o(i.update_w)
    update_w                                 0x08004f89   Thumb Code   122  ahrs.o(i.update_w)
    x$fpl$d2f                                0x08005004   Section      708  d2f_clz.o(x$fpl$d2f)
    $v0                                      0x08005004   Number         0  d2f_clz.o(x$fpl$d2f)
    x$fpl$dcmpinf                            0x080052c8   Section       24  dcmpi.o(x$fpl$dcmpinf)
    $v0                                      0x080052c8   Number         0  dcmpi.o(x$fpl$dcmpinf)
    x$fpl$dfltn                              0x080052e0   Section       26  dflt_clz.o(x$fpl$dfltn)
    $v0                                      0x080052e0   Number         0  dflt_clz.o(x$fpl$dfltn)
    x$fpl$dleqf                              0x080052fc   Section      120  dleqf.o(x$fpl$dleqf)
    $v0                                      0x080052fc   Number         0  dleqf.o(x$fpl$dleqf)
    x$fpl$dnaninf                            0x08005374   Section      258  dnaninf.o(x$fpl$dnaninf)
    $v0                                      0x08005374   Number         0  dnaninf.o(x$fpl$dnaninf)
    x$fpl$drenorm                            0x08005476   Section      112  drenorm_clz.o(x$fpl$drenorm)
    $v0                                      0x08005476   Number         0  drenorm_clz.o(x$fpl$drenorm)
    x$fpl$dretinf                            0x080054e6   Section       12  dretinf.o(x$fpl$dretinf)
    $v0                                      0x080054e6   Number         0  dretinf.o(x$fpl$dretinf)
    x$fpl$dunder                             0x080054f2   Section      378  dunder_clz.o(x$fpl$dunder)
    $v0                                      0x080054f2   Number         0  dunder_clz.o(x$fpl$dunder)
    x$fpl$exception                          0x0800566c   Section      492  except.o(x$fpl$exception)
    $v0                                      0x0800566c   Number         0  except.o(x$fpl$exception)
    x$fpl$f2d                                0x08005858   Section      122  f2d.o(x$fpl$f2d)
    $v0                                      0x08005858   Number         0  f2d.o(x$fpl$f2d)
    x$fpl$fnaninf                            0x080058d2   Section      242  fnaninf.o(x$fpl$fnaninf)
    $v0                                      0x080058d2   Number         0  fnaninf.o(x$fpl$fnaninf)
    x$fpl$fpinit                             0x080059c4   Section       10  fpinit.o(x$fpl$fpinit)
    $v0                                      0x080059c4   Number         0  fpinit.o(x$fpl$fpinit)
    x$fpl$fretinf                            0x080059ce   Section       10  fretinf.o(x$fpl$fretinf)
    $v0                                      0x080059ce   Number         0  fretinf.o(x$fpl$fretinf)
    x$fpl$funder                             0x080059d8   Section      316  funder_clz.o(x$fpl$funder)
    $v0                                      0x080059d8   Number         0  funder_clz.o(x$fpl$funder)
    x$fpl$retnan                             0x08005b14   Section      178  retnan.o(x$fpl$retnan)
    $v0                                      0x08005b14   Number         0  retnan.o(x$fpl$retnan)
    x$fpl$trapveneer                         0x08005bc6   Section      126  trapv.o(x$fpl$trapveneer)
    $v0                                      0x08005bc6   Number         0  trapv.o(x$fpl$trapveneer)
    .constdata                               0x08005c44   Section       42  mpu6500driver.o(.constdata)
    x$fpl$usenofp                            0x08005c44   Section        0  usenofp.o(x$fpl$usenofp)
    write_mpu6500_reg_data_error             0x08005c44   Data          42  mpu6500driver.o(.constdata)
    .constdata                               0x08005c70   Section       12  ins_task.o(.constdata)
    fliter_num                               0x08005c70   Data          12  ins_task.o(.constdata)
    .constdata                               0x08005c7c   Section       23  imu.o(.constdata)
    mpu6500_spi_DMA_txbuf                    0x08005c7c   Data          23  imu.o(.constdata)
    .constdata                               0x08005c94   Section       12  ahrs.o(.constdata)
    .constdata                               0x08005ca0   Section     2052  arm_common_tables.o(.constdata)
    .data                                    0x20000000   Section       16  stm32f4xx_rcc.o(.data)
    APBAHBPrescTable                         0x20000000   Data          16  stm32f4xx_rcc.o(.data)
    .data                                    0x20000010   Section        4  delay.o(.data)
    fac_us                                   0x20000010   Data           1  delay.o(.data)
    fac_ms                                   0x20000012   Data           2  delay.o(.data)
    .data                                    0x20000014   Section        6  usart.o(.data)
    .data                                    0x2000001a   Section        1  mpu6500driver.o(.data)
    motion_time                              0x2000001a   Data           1  mpu6500driver.o(.data)
    .data                                    0x2000001c   Section       12  adc.o(.data)
    .data                                    0x20000028   Section      131  ins_task.o(.data)
    Gyro_Scale_Factor                        0x20000028   Data          36  ins_task.o(.data)
    Accel_Scale_Factor                       0x2000004c   Data          36  ins_task.o(.data)
    Mag_Scale_Factor                         0x20000070   Data          36  ins_task.o(.data)
    first_temperate                          0x200000a0   Data           1  ins_task.o(.data)
    count_time                               0x200000a4   Data           2  ins_task.o(.data)
    updata_count                             0x200000a6   Data           1  ins_task.o(.data)
    start_gyro_cali_time                     0x200000a8   Data           2  ins_task.o(.data)
    temp_constant_time                       0x200000aa   Data           1  ins_task.o(.data)
    .data                                    0x200000ab   Section        1  bsp.o(.data)
    .data                                    0x200000ac   Section        4  rm_pid.o(.data)
    .data                                    0x200000b0   Section       10  firemotor.o(.data)
    NO1_temp                                 0x200000b8   Data           1  firemotor.o(.data)
    NO2_temp                                 0x200000b9   Data           1  firemotor.o(.data)
    .data                                    0x200000ba   Section        3  imu.o(.data)
    .data                                    0x200000c0   Section       16  ahrs.o(.data)
    local_hight                              0x200000c0   Data           4  ahrs.o(.data)
    latitude                                 0x200000c4   Data           4  ahrs.o(.data)
    local_gravity                            0x200000c8   Data           4  ahrs.o(.data)
    carrier_gravity                          0x200000cc   Data           4  ahrs.o(.data)
    .bss                                     0x200000d0   Section      200  usart.o(.bss)
    .bss                                     0x20000198   Section      220  ins_task.o(.bss)
    gyro_cali_offset                         0x200001d0   Data          12  ins_task.o(.bss)
    ist8310_real_data                        0x200001dc   Data          16  ins_task.o(.bss)
    Gyro_Offset                              0x200001ec   Data          12  ins_task.o(.bss)
    Accel_Offset                             0x200001f8   Data          12  ins_task.o(.bss)
    Mag_Offset                               0x20000204   Data          12  ins_task.o(.bss)
    INS_gyro                                 0x20000210   Data          12  ins_task.o(.bss)
    INS_accel                                0x2000021c   Data          12  ins_task.o(.bss)
    INS_mag                                  0x20000228   Data          12  ins_task.o(.bss)
    INS_quat                                 0x20000240   Data          16  ins_task.o(.bss)
    accel_fliter_1                           0x20000250   Data          12  ins_task.o(.bss)
    accel_fliter_2                           0x2000025c   Data          12  ins_task.o(.bss)
    accel_fliter_3                           0x20000268   Data          12  ins_task.o(.bss)
    .bss                                     0x20000274   Section      388  rm_pid.o(.bss)
    .bss                                     0x200003f8   Section       46  remote.o(.bss)
    .bss                                     0x20000428   Section       48  stmflash.o(.bss)
    .bss                                     0x20000458   Section      100  firemotor.o(.bss)
    .bss                                     0x200004bc   Section       48  imu.o(.bss)
    .bss                                     0x200004ec   Section       96  libspace.o(.bss)
    HEAP                                     0x20000550   Section        0  startup_stm32f427xx.o(HEAP)
    STACK                                    0x20000550   Section     1024  startup_stm32f427xx.o(STACK)
    Heap_Mem                                 0x20000550   Data           0  startup_stm32f427xx.o(HEAP)
    Stack_Mem                                0x20000550   Data        1024  startup_stm32f427xx.o(STACK)
    __initial_sp                             0x20000950   Data           0  startup_stm32f427xx.o(STACK)

    Global Symbols

    Symbol Name                              Value     Ov Type        Size  Object(Section)

    BuildAttributes$$THM_ISAv4$E$P$D$K$B$S$7EM$VFPi3$EXTD16$VFPS$VFMA$PE$A:L22UL41UL21$X:L11$S22US41US21$IEEE1$IW$USESV6$~STKCKD$USESV7$~SHL$OTIME$ROPI$IEEEX$EBA8$UX$STANDARDLIB$REQ8$PRES8$EABIv2 0x00000000   Number         0  anon$$obj.o ABSOLUTE
    __ARM_use_no_argv                        0x00000000   Number         0  main.o ABSOLUTE
    __ARM_exceptions_init                     - Undefined Weak Reference
    __alloca_initialize                       - Undefined Weak Reference
    __arm_preinit_                            - Undefined Weak Reference
    __cpp_initialize__aeabi_                  - Undefined Weak Reference
    __cxa_finalize                            - Undefined Weak Reference
    __rt_locale                               - Undefined Weak Reference
    __sigvec_lookup                           - Undefined Weak Reference
    _atexit_init                              - Undefined Weak Reference
    _call_atexit_fns                          - Undefined Weak Reference
    _clock_init                               - Undefined Weak Reference
    _fp_trap_big                              - Undefined Weak Reference
    _fp_trap_init                             - Undefined Weak Reference
    _fp_trap_shutdown                         - Undefined Weak Reference
    _get_lc_collate                           - Undefined Weak Reference
    _get_lc_ctype                             - Undefined Weak Reference
    _get_lc_monetary                          - Undefined Weak Reference
    _get_lc_numeric                           - Undefined Weak Reference
    _get_lc_time                              - Undefined Weak Reference
    _getenv_init                              - Undefined Weak Reference
    _handle_redirection                       - Undefined Weak Reference
    _init_alloc                               - Undefined Weak Reference
    _init_user_alloc                          - Undefined Weak Reference
    _initio                                   - Undefined Weak Reference
    _rand_init                                - Undefined Weak Reference
    _signal_finish                            - Undefined Weak Reference
    _signal_init                              - Undefined Weak Reference
    _terminate_alloc                          - Undefined Weak Reference
    _terminate_user_alloc                     - Undefined Weak Reference
    _terminateio                              - Undefined Weak Reference
    __Vectors_Size                           0x000001ac   Number         0  startup_stm32f427xx.o ABSOLUTE
    __Vectors                                0x08000000   Data           4  startup_stm32f427xx.o(RESET)
    __Vectors_End                            0x080001ac   Data           0  startup_stm32f427xx.o(RESET)
    __main                                   0x080001ad   Thumb Code     8  __main.o(!!!main)
    __scatterload                            0x080001b5   Thumb Code     0  __scatter.o(!!!scatter)
    __scatterload_rt2                        0x080001b5   Thumb Code    44  __scatter.o(!!!scatter)
    __scatterload_rt2_thumb_only             0x080001b5   Thumb Code     0  __scatter.o(!!!scatter)
    __scatterload_null                       0x080001c3   Thumb Code     0  __scatter.o(!!!scatter)
    __scatterload_copy                       0x080001e9   Thumb Code    26  __scatter_copy.o(!!handler_copy)
    __scatterload_zeroinit                   0x08000205   Thumb Code    28  __scatter_zi.o(!!handler_zi)
    __rt_lib_init                            0x08000221   Thumb Code     0  libinit.o(.ARM.Collect$$libinit$$00000000)
    __rt_lib_init_fp_1                       0x08000223   Thumb Code     0  libinit2.o(.ARM.Collect$$libinit$$00000001)
    __rt_lib_init_alloca_1                   0x08000227   Thumb Code     0  libinit2.o(.ARM.Collect$$libinit$$0000002E)
    __rt_lib_init_argv_1                     0x08000227   Thumb Code     0  libinit2.o(.ARM.Collect$$libinit$$0000002C)
    __rt_lib_init_atexit_1                   0x08000227   Thumb Code     0  libinit2.o(.ARM.Collect$$libinit$$0000001B)
    __rt_lib_init_clock_1                    0x08000227   Thumb Code     0  libinit2.o(.ARM.Collect$$libinit$$00000021)
    __rt_lib_init_cpp_1                      0x08000227   Thumb Code     0  libinit2.o(.ARM.Collect$$libinit$$00000032)
    __rt_lib_init_exceptions_1               0x08000227   Thumb Code     0  libinit2.o(.ARM.Collect$$libinit$$00000030)
    __rt_lib_init_fp_trap_1                  0x08000227   Thumb Code     0  libinit2.o(.ARM.Collect$$libinit$$0000001F)
    __rt_lib_init_getenv_1                   0x08000227   Thumb Code     0  libinit2.o(.ARM.Collect$$libinit$$00000023)
    __rt_lib_init_heap_1                     0x08000227   Thumb Code     0  libinit2.o(.ARM.Collect$$libinit$$0000000A)
    __rt_lib_init_lc_collate_1               0x08000227   Thumb Code     0  libinit2.o(.ARM.Collect$$libinit$$00000011)
    __rt_lib_init_lc_ctype_1                 0x08000227   Thumb Code     0  libinit2.o(.ARM.Collect$$libinit$$00000013)
    __rt_lib_init_lc_monetary_1              0x08000227   Thumb Code     0  libinit2.o(.ARM.Collect$$libinit$$00000015)
    __rt_lib_init_lc_numeric_1               0x08000227   Thumb Code     0  libinit2.o(.ARM.Collect$$libinit$$00000017)
    __rt_lib_init_lc_time_1                  0x08000227   Thumb Code     0  libinit2.o(.ARM.Collect$$libinit$$00000019)
    __rt_lib_init_preinit_1                  0x08000227   Thumb Code     0  libinit2.o(.ARM.Collect$$libinit$$00000004)
    __rt_lib_init_rand_1                     0x08000227   Thumb Code     0  libinit2.o(.ARM.Collect$$libinit$$0000000E)
    __rt_lib_init_return                     0x08000227   Thumb Code     0  libinit2.o(.ARM.Collect$$libinit$$00000033)
    __rt_lib_init_signal_1                   0x08000227   Thumb Code     0  libinit2.o(.ARM.Collect$$libinit$$0000001D)
    __rt_lib_init_stdio_1                    0x08000227   Thumb Code     0  libinit2.o(.ARM.Collect$$libinit$$00000025)
    __rt_lib_init_user_alloc_1               0x08000227   Thumb Code     0  libinit2.o(.ARM.Collect$$libinit$$0000000C)
    __rt_lib_shutdown                        0x08000229   Thumb Code     0  libshutdown.o(.ARM.Collect$$libshutdown$$00000000)
    __rt_lib_shutdown_cpp_1                  0x0800022b   Thumb Code     0  libshutdown2.o(.ARM.Collect$$libshutdown$$00000002)
    __rt_lib_shutdown_fp_trap_1              0x0800022b   Thumb Code     0  libshutdown2.o(.ARM.Collect$$libshutdown$$00000007)
    __rt_lib_shutdown_heap_1                 0x0800022b   Thumb Code     0  libshutdown2.o(.ARM.Collect$$libshutdown$$0000000F)
    __rt_lib_shutdown_return                 0x0800022b   Thumb Code     0  libshutdown2.o(.ARM.Collect$$libshutdown$$00000010)
    __rt_lib_shutdown_signal_1               0x0800022b   Thumb Code     0  libshutdown2.o(.ARM.Collect$$libshutdown$$0000000A)
    __rt_lib_shutdown_stdio_1                0x0800022b   Thumb Code     0  libshutdown2.o(.ARM.Collect$$libshutdown$$00000004)
    __rt_lib_shutdown_user_alloc_1           0x0800022b   Thumb Code     0  libshutdown2.o(.ARM.Collect$$libshutdown$$0000000C)
    __rt_entry                               0x0800022d   Thumb Code     0  __rtentry.o(.ARM.Collect$$rtentry$$00000000)
    __rt_entry_presh_1                       0x0800022d   Thumb Code     0  __rtentry2.o(.ARM.Collect$$rtentry$$00000002)
    __rt_entry_sh                            0x0800022d   Thumb Code     0  __rtentry4.o(.ARM.Collect$$rtentry$$00000004)
    __rt_entry_li                            0x08000233   Thumb Code     0  __rtentry2.o(.ARM.Collect$$rtentry$$0000000A)
    __rt_entry_postsh_1                      0x08000233   Thumb Code     0  __rtentry2.o(.ARM.Collect$$rtentry$$00000009)
    __rt_entry_main                          0x08000237   Thumb Code     0  __rtentry2.o(.ARM.Collect$$rtentry$$0000000D)
    __rt_entry_postli_1                      0x08000237   Thumb Code     0  __rtentry2.o(.ARM.Collect$$rtentry$$0000000C)
    __rt_exit                                0x0800023f   Thumb Code     0  rtexit.o(.ARM.Collect$$rtexit$$00000000)
    __rt_exit_ls                             0x08000241   Thumb Code     0  rtexit2.o(.ARM.Collect$$rtexit$$00000003)
    __rt_exit_prels_1                        0x08000241   Thumb Code     0  rtexit2.o(.ARM.Collect$$rtexit$$00000002)
    __rt_exit_exit                           0x08000245   Thumb Code     0  rtexit2.o(.ARM.Collect$$rtexit$$00000004)
    Reset_Handler                            0x0800024d   Thumb Code    18  startup_stm32f427xx.o(.text)
    SVC_Handler                              0x08000269   Thumb Code     2  startup_stm32f427xx.o(.text)
    PendSV_Handler                           0x0800026d   Thumb Code     2  startup_stm32f427xx.o(.text)
    SysTick_Handler                          0x0800026f   Thumb Code     2  startup_stm32f427xx.o(.text)
    ADC_IRQHandler                           0x08000271   Thumb Code     0  startup_stm32f427xx.o(.text)
    CAN1_RX0_IRQHandler                      0x08000271   Thumb Code     0  startup_stm32f427xx.o(.text)
    CAN1_RX1_IRQHandler                      0x08000271   Thumb Code     0  startup_stm32f427xx.o(.text)
    CAN1_SCE_IRQHandler                      0x08000271   Thumb Code     0  startup_stm32f427xx.o(.text)
    CAN1_TX_IRQHandler                       0x08000271   Thumb Code     0  startup_stm32f427xx.o(.text)
    CAN2_RX0_IRQHandler                      0x08000271   Thumb Code     0  startup_stm32f427xx.o(.text)
    CAN2_RX1_IRQHandler                      0x08000271   Thumb Code     0  startup_stm32f427xx.o(.text)
    CAN2_SCE_IRQHandler                      0x08000271   Thumb Code     0  startup_stm32f427xx.o(.text)
    CAN2_TX_IRQHandler                       0x08000271   Thumb Code     0  startup_stm32f427xx.o(.text)
    DCMI_IRQHandler                          0x08000271   Thumb Code     0  startup_stm32f427xx.o(.text)
    DMA1_Stream0_IRQHandler                  0x08000271   Thumb Code     0  startup_stm32f427xx.o(.text)
    DMA1_Stream1_IRQHandler                  0x08000271   Thumb Code     0  startup_stm32f427xx.o(.text)
    DMA1_Stream2_IRQHandler                  0x08000271   Thumb Code     0  startup_stm32f427xx.o(.text)
    DMA1_Stream3_IRQHandler                  0x08000271   Thumb Code     0  startup_stm32f427xx.o(.text)
    DMA1_Stream4_IRQHandler                  0x08000271   Thumb Code     0  startup_stm32f427xx.o(.text)
    DMA1_Stream5_IRQHandler                  0x08000271   Thumb Code     0  startup_stm32f427xx.o(.text)
    DMA1_Stream6_IRQHandler                  0x08000271   Thumb Code     0  startup_stm32f427xx.o(.text)
    DMA1_Stream7_IRQHandler                  0x08000271   Thumb Code     0  startup_stm32f427xx.o(.text)
    DMA2D_IRQHandler                         0x08000271   Thumb Code     0  startup_stm32f427xx.o(.text)
    DMA2_Stream0_IRQHandler                  0x08000271   Thumb Code     0  startup_stm32f427xx.o(.text)
    DMA2_Stream1_IRQHandler                  0x08000271   Thumb Code     0  startup_stm32f427xx.o(.text)
    DMA2_Stream3_IRQHandler                  0x08000271   Thumb Code     0  startup_stm32f427xx.o(.text)
    DMA2_Stream4_IRQHandler                  0x08000271   Thumb Code     0  startup_stm32f427xx.o(.text)
    DMA2_Stream6_IRQHandler                  0x08000271   Thumb Code     0  startup_stm32f427xx.o(.text)
    DMA2_Stream7_IRQHandler                  0x08000271   Thumb Code     0  startup_stm32f427xx.o(.text)
    ETH_IRQHandler                           0x08000271   Thumb Code     0  startup_stm32f427xx.o(.text)
    ETH_WKUP_IRQHandler                      0x08000271   Thumb Code     0  startup_stm32f427xx.o(.text)
    EXTI0_IRQHandler                         0x08000271   Thumb Code     0  startup_stm32f427xx.o(.text)
    EXTI15_10_IRQHandler                     0x08000271   Thumb Code     0  startup_stm32f427xx.o(.text)
    EXTI1_IRQHandler                         0x08000271   Thumb Code     0  startup_stm32f427xx.o(.text)
    EXTI2_IRQHandler                         0x08000271   Thumb Code     0  startup_stm32f427xx.o(.text)
    EXTI3_IRQHandler                         0x08000271   Thumb Code     0  startup_stm32f427xx.o(.text)
    EXTI4_IRQHandler                         0x08000271   Thumb Code     0  startup_stm32f427xx.o(.text)
    FLASH_IRQHandler                         0x08000271   Thumb Code     0  startup_stm32f427xx.o(.text)
    FMC_IRQHandler                           0x08000271   Thumb Code     0  startup_stm32f427xx.o(.text)
    FPU_IRQHandler                           0x08000271   Thumb Code     0  startup_stm32f427xx.o(.text)
    HASH_RNG_IRQHandler                      0x08000271   Thumb Code     0  startup_stm32f427xx.o(.text)
    I2C1_ER_IRQHandler                       0x08000271   Thumb Code     0  startup_stm32f427xx.o(.text)
    I2C1_EV_IRQHandler                       0x08000271   Thumb Code     0  startup_stm32f427xx.o(.text)
    I2C2_ER_IRQHandler                       0x08000271   Thumb Code     0  startup_stm32f427xx.o(.text)
    I2C2_EV_IRQHandler                       0x08000271   Thumb Code     0  startup_stm32f427xx.o(.text)
    I2C3_ER_IRQHandler                       0x08000271   Thumb Code     0  startup_stm32f427xx.o(.text)
    I2C3_EV_IRQHandler                       0x08000271   Thumb Code     0  startup_stm32f427xx.o(.text)
    OTG_FS_IRQHandler                        0x08000271   Thumb Code     0  startup_stm32f427xx.o(.text)
    OTG_FS_WKUP_IRQHandler                   0x08000271   Thumb Code     0  startup_stm32f427xx.o(.text)
    OTG_HS_EP1_IN_IRQHandler                 0x08000271   Thumb Code     0  startup_stm32f427xx.o(.text)
    OTG_HS_EP1_OUT_IRQHandler                0x08000271   Thumb Code     0  startup_stm32f427xx.o(.text)
    OTG_HS_IRQHandler                        0x08000271   Thumb Code     0  startup_stm32f427xx.o(.text)
    OTG_HS_WKUP_IRQHandler                   0x08000271   Thumb Code     0  startup_stm32f427xx.o(.text)
    PVD_IRQHandler                           0x08000271   Thumb Code     0  startup_stm32f427xx.o(.text)
    RCC_IRQHandler                           0x08000271   Thumb Code     0  startup_stm32f427xx.o(.text)
    RTC_Alarm_IRQHandler                     0x08000271   Thumb Code     0  startup_stm32f427xx.o(.text)
    RTC_WKUP_IRQHandler                      0x08000271   Thumb Code     0  startup_stm32f427xx.o(.text)
    SAI1_IRQHandler                          0x08000271   Thumb Code     0  startup_stm32f427xx.o(.text)
    SDIO_IRQHandler                          0x08000271   Thumb Code     0  startup_stm32f427xx.o(.text)
    SPI1_IRQHandler                          0x08000271   Thumb Code     0  startup_stm32f427xx.o(.text)
    SPI2_IRQHandler                          0x08000271   Thumb Code     0  startup_stm32f427xx.o(.text)
    SPI3_IRQHandler                          0x08000271   Thumb Code     0  startup_stm32f427xx.o(.text)
    SPI4_IRQHandler                          0x08000271   Thumb Code     0  startup_stm32f427xx.o(.text)
    SPI5_IRQHandler                          0x08000271   Thumb Code     0  startup_stm32f427xx.o(.text)
    SPI6_IRQHandler                          0x08000271   Thumb Code     0  startup_stm32f427xx.o(.text)
    TAMP_STAMP_IRQHandler                    0x08000271   Thumb Code     0  startup_stm32f427xx.o(.text)
    TIM1_BRK_TIM9_IRQHandler                 0x08000271   Thumb Code     0  startup_stm32f427xx.o(.text)
    TIM1_CC_IRQHandler                       0x08000271   Thumb Code     0  startup_stm32f427xx.o(.text)
    TIM1_TRG_COM_TIM11_IRQHandler            0x08000271   Thumb Code     0  startup_stm32f427xx.o(.text)
    TIM1_UP_TIM10_IRQHandler                 0x08000271   Thumb Code     0  startup_stm32f427xx.o(.text)
    TIM2_IRQHandler                          0x08000271   Thumb Code     0  startup_stm32f427xx.o(.text)
    TIM3_IRQHandler                          0x08000271   Thumb Code     0  startup_stm32f427xx.o(.text)
    TIM4_IRQHandler                          0x08000271   Thumb Code     0  startup_stm32f427xx.o(.text)
    TIM5_IRQHandler                          0x08000271   Thumb Code     0  startup_stm32f427xx.o(.text)
    TIM7_IRQHandler                          0x08000271   Thumb Code     0  startup_stm32f427xx.o(.text)
    TIM8_BRK_TIM12_IRQHandler                0x08000271   Thumb Code     0  startup_stm32f427xx.o(.text)
    TIM8_CC_IRQHandler                       0x08000271   Thumb Code     0  startup_stm32f427xx.o(.text)
    TIM8_TRG_COM_TIM14_IRQHandler            0x08000271   Thumb Code     0  startup_stm32f427xx.o(.text)
    TIM8_UP_TIM13_IRQHandler                 0x08000271   Thumb Code     0  startup_stm32f427xx.o(.text)
    UART4_IRQHandler                         0x08000271   Thumb Code     0  startup_stm32f427xx.o(.text)
    UART5_IRQHandler                         0x08000271   Thumb Code     0  startup_stm32f427xx.o(.text)
    UART7_IRQHandler                         0x08000271   Thumb Code     0  startup_stm32f427xx.o(.text)
    UART8_IRQHandler                         0x08000271   Thumb Code     0  startup_stm32f427xx.o(.text)
    USART2_IRQHandler                        0x08000271   Thumb Code     0  startup_stm32f427xx.o(.text)
    USART3_IRQHandler                        0x08000271   Thumb Code     0  startup_stm32f427xx.o(.text)
    USART6_IRQHandler                        0x08000271   Thumb Code     0  startup_stm32f427xx.o(.text)
    WWDG_IRQHandler                          0x08000271   Thumb Code     0  startup_stm32f427xx.o(.text)
    __user_initial_stackheap                 0x08000275   Thumb Code     0  startup_stm32f427xx.o(.text)
    arm_cos_f32                              0x08000299   Thumb Code   108  arm_cos_f32.o(.text)
    arm_sin_f32                              0x08000311   Thumb Code   104  arm_sin_f32.o(.text)
    __use_no_semihosting                     0x08000385   Thumb Code     2  use_no_semi_2.o(.text)
    __aeabi_memclr4                          0x08000387   Thumb Code     0  rt_memclr_w.o(.text)
    __aeabi_memclr8                          0x08000387   Thumb Code     0  rt_memclr_w.o(.text)
    __rt_memclr_w                            0x08000387   Thumb Code    78  rt_memclr_w.o(.text)
    _memset_w                                0x0800038b   Thumb Code     0  rt_memclr_w.o(.text)
    __use_two_region_memory                  0x080003d5   Thumb Code     2  heapauxi.o(.text)
    __rt_heap_escrow$2region                 0x080003d7   Thumb Code     2  heapauxi.o(.text)
    __rt_heap_expand$2region                 0x080003d9   Thumb Code     2  heapauxi.o(.text)
    __I$use$semihosting                      0x080003db   Thumb Code     0  use_no_semi.o(.text)
    __use_no_semihosting_swi                 0x080003db   Thumb Code     2  use_no_semi.o(.text)
    __read_errno                             0x080003dd   Thumb Code    10  _rserrno.o(.text)
    __set_errno                              0x080003e7   Thumb Code    12  _rserrno.o(.text)
    __aeabi_errno_addr                       0x080003f5   Thumb Code     8  rt_errno_addr_intlibspace.o(.text)
    __errno$intlibspace                      0x080003f5   Thumb Code     0  rt_errno_addr_intlibspace.o(.text)
    __rt_errno_addr$intlibspace              0x080003f5   Thumb Code     0  rt_errno_addr_intlibspace.o(.text)
    _fp_trap                                 0x080003fd   Thumb Code    44  _fptrap.o(.text)
    __user_libspace                          0x0800042d   Thumb Code     8  libspace.o(.text)
    __user_perproc_libspace                  0x0800042d   Thumb Code     0  libspace.o(.text)
    __user_perthread_libspace                0x0800042d   Thumb Code     0  libspace.o(.text)
    __user_setup_stackheap                   0x08000435   Thumb Code    74  sys_stackheap_outer.o(.text)
    exit                                     0x0800047f   Thumb Code    18  exit.o(.text)
    __rt_SIGFPE                              0x08000491   Thumb Code    14  defsig_fpe_outer.o(.text)
    __sig_exit                               0x0800049f   Thumb Code    10  defsig_exit.o(.text)
    __rt_SIGFPE_inner                        0x080004a9   Thumb Code    62  defsig_fpe_inner.o(.text)
    __default_signal_display                 0x08000555   Thumb Code    50  defsig_general.o(.text)
    ADC_ClearFlag                            0x08000587   Thumb Code     6  stm32f4xx_adc.o(i.ADC_ClearFlag)
    ADC_Cmd                                  0x0800058d   Thumb Code    22  stm32f4xx_adc.o(i.ADC_Cmd)
    ADC_CommonInit                           0x080005a5   Thumb Code    34  stm32f4xx_adc.o(i.ADC_CommonInit)
    ADC_GetConversionValue                   0x080005d5   Thumb Code     8  stm32f4xx_adc.o(i.ADC_GetConversionValue)
    ADC_GetFlagStatus                        0x080005dd   Thumb Code    18  stm32f4xx_adc.o(i.ADC_GetFlagStatus)
    ADC_Init                                 0x080005f1   Thumb Code    74  stm32f4xx_adc.o(i.ADC_Init)
    ADC_RegularChannelConfig                 0x08000645   Thumb Code   184  stm32f4xx_adc.o(i.ADC_RegularChannelConfig)
    ADC_SoftwareStartConv                    0x080006fd   Thumb Code    10  stm32f4xx_adc.o(i.ADC_SoftwareStartConv)
    ADC_TempSensorVrefintCmd                 0x08000709   Thumb Code    34  stm32f4xx_adc.o(i.ADC_TempSensorVrefintCmd)
    AHRS_asinf                               0x08000735   Thumb Code    24  ahrs_middleware.o(i.AHRS_asinf)
    AHRS_atan2f                              0x0800074d   Thumb Code    32  ahrs_middleware.o(i.AHRS_atan2f)
    AHRS_cosf                                0x0800076d   Thumb Code    24  ahrs_middleware.o(i.AHRS_cosf)
    AHRS_get_height                          0x080007a1   Thumb Code    12  ahrs_middleware.o(i.AHRS_get_height)
    AHRS_get_latitude                        0x080007b1   Thumb Code     2  ahrs_middleware.o(i.AHRS_get_latitude)
    AHRS_init                                0x080007b5   Thumb Code   626  ahrs.o(i.AHRS_init)
    AHRS_invSqrt                             0x08000a51   Thumb Code    56  ahrs_middleware.o(i.AHRS_invSqrt)
    AHRS_sinf                                0x08000a8d   Thumb Code    24  ahrs_middleware.o(i.AHRS_sinf)
    AHRS_update                              0x08000aa5   Thumb Code   314  ahrs.o(i.AHRS_update)
    All_Pid_Configuration                    0x08000be1   Thumb Code   172  rm_pid.o(i.All_Pid_Configuration)
    BSP_Init                                 0x08000ca1   Thumb Code   114  bsp.o(i.BSP_Init)
    BusFault_Handler                         0x08000d1d   Thumb Code     4  stm32f4xx_it.o(i.BusFault_Handler)
    Calculate_Current_Value                  0x08000d21   Thumb Code   452  rm_pid.o(i.Calculate_Current_Value)
    DMA2_Stream2_IRQHandler                  0x08000ee9   Thumb Code   654  remote.o(i.DMA2_Stream2_IRQHandler)
    DMA2_Stream5_IRQHandler                  0x08001191   Thumb Code    70  imu.o(i.DMA2_Stream5_IRQHandler)
    DMA_ClearFlag                            0x080011f1   Thumb Code    38  stm32f4xx_dma.o(i.DMA_ClearFlag)
    DMA_ClearITPendingBit                    0x08001225   Thumb Code    38  stm32f4xx_dma.o(i.DMA_ClearITPendingBit)
    DMA_Cmd                                  0x08001259   Thumb Code    22  stm32f4xx_dma.o(i.DMA_Cmd)
    DMA_DeInit                               0x08001271   Thumb Code   324  stm32f4xx_dma.o(i.DMA_DeInit)
    DMA_GetCmdStatus                         0x080013c9   Thumb Code    20  stm32f4xx_dma.o(i.DMA_GetCmdStatus)
    DMA_GetFlagStatus                        0x080013dd   Thumb Code    54  stm32f4xx_dma.o(i.DMA_GetFlagStatus)
    DMA_GetITStatus                          0x08001421   Thumb Code    82  stm32f4xx_dma.o(i.DMA_GetITStatus)
    DMA_ITConfig                             0x08001485   Thumb Code    58  stm32f4xx_dma.o(i.DMA_ITConfig)
    DMA_Init                                 0x080014c1   Thumb Code    82  stm32f4xx_dma.o(i.DMA_Init)
    DMA_SetCurrDataCounter                   0x08001519   Thumb Code     4  stm32f4xx_dma.o(i.DMA_SetCurrDataCounter)
    DebugMon_Handler                         0x0800151d   Thumb Code     2  stm32f4xx_it.o(i.DebugMon_Handler)
    EXTI9_5_IRQHandler                       0x0800151f   Thumb Code    32  imu.o(i.EXTI9_5_IRQHandler)
    EXTI_ClearITPendingBit                   0x08001541   Thumb Code     6  stm32f4xx_exti.o(i.EXTI_ClearITPendingBit)
    EXTI_GetITStatus                         0x0800154d   Thumb Code    20  stm32f4xx_exti.o(i.EXTI_GetITStatus)
    EXTI_Init                                0x08001565   Thumb Code   142  stm32f4xx_exti.o(i.EXTI_Init)
    FLASH_DataCacheCmd                       0x080015f9   Thumb Code    30  stm32f4xx_flash.o(i.FLASH_DataCacheCmd)
    FLASH_EraseSector                        0x0800161d   Thumb Code   130  stm32f4xx_flash.o(i.FLASH_EraseSector)
    FLASH_GetStatus                          0x080016a5   Thumb Code    80  stm32f4xx_flash.o(i.FLASH_GetStatus)
    FLASH_Lock                               0x080016f9   Thumb Code    14  stm32f4xx_flash.o(i.FLASH_Lock)
    FLASH_ProgramWord                        0x0800170d   Thumb Code    74  stm32f4xx_flash.o(i.FLASH_ProgramWord)
    FLASH_Unlock                             0x0800175d   Thumb Code    24  stm32f4xx_flash.o(i.FLASH_Unlock)
    FLASH_WaitForLastOperation               0x08001781   Thumb Code    34  stm32f4xx_flash.o(i.FLASH_WaitForLastOperation)
    GPIO_Init                                0x080017a3   Thumb Code   144  stm32f4xx_gpio.o(i.GPIO_Init)
    GPIO_PinAFConfig                         0x08001833   Thumb Code    70  stm32f4xx_gpio.o(i.GPIO_PinAFConfig)
    GPIO_ResetBits                           0x08001879   Thumb Code     4  stm32f4xx_gpio.o(i.GPIO_ResetBits)
    GPIO_SetBits                             0x0800187d   Thumb Code     4  stm32f4xx_gpio.o(i.GPIO_SetBits)
    HardFault_Handler                        0x08001881   Thumb Code     4  stm32f4xx_it.o(i.HardFault_Handler)
    IMU_Configure                            0x080019b1   Thumb Code    46  imu.o(i.IMU_Configure)
    IMU_INT_Configure                        0x080019ed   Thumb Code   128  imu.o(i.IMU_INT_Configure)
    IMU_control_decide                       0x08001a71   Thumb Code    82  imu.o(i.IMU_control_decide)
    INSTask                                  0x08001b95   Thumb Code   524  ins_task.o(i.INSTask)
    INS_cali_gyro                            0x08001dfd   Thumb Code    96  ins_task.o(i.INS_cali_gyro)
    INS_set_cali_gyro                        0x08001e71   Thumb Code    40  ins_task.o(i.INS_set_cali_gyro)
    MemManage_Handler                        0x08001ea1   Thumb Code     4  stm32f4xx_it.o(i.MemManage_Handler)
    NMI_Handler                              0x08001ea5   Thumb Code     2  stm32f4xx_it.o(i.NMI_Handler)
    NVIC_Init                                0x08001ea9   Thumb Code   106  misc.o(i.NVIC_Init)
    NVIC_PriorityGroupConfig                 0x08001f21   Thumb Code    10  misc.o(i.NVIC_PriorityGroupConfig)
    RCC_AHB1PeriphClockCmd                   0x08001f35   Thumb Code    26  stm32f4xx_rcc.o(i.RCC_AHB1PeriphClockCmd)
    RCC_APB1PeriphClockCmd                   0x08001f55   Thumb Code    26  stm32f4xx_rcc.o(i.RCC_APB1PeriphClockCmd)
    RCC_APB1PeriphResetCmd                   0x08001f75   Thumb Code    26  stm32f4xx_rcc.o(i.RCC_APB1PeriphResetCmd)
    RCC_APB2PeriphClockCmd                   0x08001f95   Thumb Code    26  stm32f4xx_rcc.o(i.RCC_APB2PeriphClockCmd)
    RCC_APB2PeriphResetCmd                   0x08001fb5   Thumb Code    26  stm32f4xx_rcc.o(i.RCC_APB2PeriphResetCmd)
    RCC_GetClocksFreq                        0x08001fd5   Thumb Code   214  stm32f4xx_rcc.o(i.RCC_GetClocksFreq)
    Read_Offset                              0x080020bd   Thumb Code    34  stmflash.o(i.Read_Offset)
    Remote_uart1_init                        0x080020e5   Thumb Code   266  remote.o(i.Remote_uart1_init)
    SPI5Init                                 0x08002205   Thumb Code   182  spi.o(i.SPI5Init)
    SPI5SetSpeedAndDataSize                  0x080022c5   Thumb Code    42  spi.o(i.SPI5SetSpeedAndDataSize)
    SPI5_DMA_Enable                          0x080022f5   Thumb Code   104  spi.o(i.SPI5_DMA_Enable)
    SPI5_DMA_Init                            0x08002369   Thumb Code   240  spi.o(i.SPI5_DMA_Init)
    SPI_Cmd                                  0x08002461   Thumb Code    24  stm32f4xx_spi.o(i.SPI_Cmd)
    SPI_I2S_DMACmd                           0x08002479   Thumb Code    18  stm32f4xx_spi.o(i.SPI_I2S_DMACmd)
    SPI_I2S_GetFlagStatus                    0x0800248b   Thumb Code    18  stm32f4xx_spi.o(i.SPI_I2S_GetFlagStatus)
    SPI_I2S_ReceiveData                      0x0800249d   Thumb Code     6  stm32f4xx_spi.o(i.SPI_I2S_ReceiveData)
    SPI_I2S_SendData                         0x080024a3   Thumb Code     4  stm32f4xx_spi.o(i.SPI_I2S_SendData)
    SPI_Init                                 0x080024a7   Thumb Code    60  stm32f4xx_spi.o(i.SPI_Init)
    STMFLASH_GetFlashSector                  0x080024e5   Thumb Code   116  stmflash.o(i.STMFLASH_GetFlashSector)
    STMFLASH_Read                            0x08002585   Thumb Code    32  stmflash.o(i.STMFLASH_Read)
    STMFLASH_ReadWord                        0x080025a5   Thumb Code     6  stmflash.o(i.STMFLASH_ReadWord)
    STMFLASH_Write                           0x080025ad   Thumb Code   146  stmflash.o(i.STMFLASH_Write)
    SYSCFG_EXTILineConfig                    0x08002645   Thumb Code    60  stm32f4xx_syscfg.o(i.SYSCFG_EXTILineConfig)
    SysTick_CLKSourceConfig                  0x080027a5   Thumb Code    40  misc.o(i.SysTick_CLKSourceConfig)
    SystemInit                               0x080027cd   Thumb Code    88  system_stm32f4xx.o(i.SystemInit)
    TIM1_FireMotor_Configure                 0x08002835   Thumb Code   258  pwm.o(i.TIM1_FireMotor_Configure)
    TIM3_Init                                0x08002945   Thumb Code   202  pwm.o(i.TIM3_Init)
    TIM6_Configure                           0x08002a19   Thumb Code    72  timer.o(i.TIM6_Configure)
    TIM6_DAC_IRQHandler                      0x08002a65   Thumb Code    38  timer.o(i.TIM6_DAC_IRQHandler)
    TIM6_Start                               0x08002a91   Thumb Code    30  timer.o(i.TIM6_Start)
    TIM_ARRPreloadConfig                     0x08002ab5   Thumb Code    24  stm32f4xx_tim.o(i.TIM_ARRPreloadConfig)
    TIM_ClearFlag                            0x08002acd   Thumb Code     6  stm32f4xx_tim.o(i.TIM_ClearFlag)
    TIM_ClearITPendingBit                    0x08002ad3   Thumb Code     6  stm32f4xx_tim.o(i.TIM_ClearITPendingBit)
    TIM_Cmd                                  0x08002ad9   Thumb Code    24  stm32f4xx_tim.o(i.TIM_Cmd)
    TIM_CtrlPWMOutputs                       0x08002af1   Thumb Code    30  stm32f4xx_tim.o(i.TIM_CtrlPWMOutputs)
    TIM_GetITStatus                          0x08002b0f   Thumb Code    34  stm32f4xx_tim.o(i.TIM_GetITStatus)
    TIM_ITConfig                             0x08002b31   Thumb Code    18  stm32f4xx_tim.o(i.TIM_ITConfig)
    TIM_OC1Init                              0x08002b45   Thumb Code   114  stm32f4xx_tim.o(i.TIM_OC1Init)
    TIM_OC1PreloadConfig                     0x08002bc1   Thumb Code    18  stm32f4xx_tim.o(i.TIM_OC1PreloadConfig)
    TIM_OC2Init                              0x08002bd5   Thumb Code   154  stm32f4xx_tim.o(i.TIM_OC2Init)
    TIM_OC2PreloadConfig                     0x08002c79   Thumb Code    26  stm32f4xx_tim.o(i.TIM_OC2PreloadConfig)
    TIM_OC4Init                              0x08002c95   Thumb Code   112  stm32f4xx_tim.o(i.TIM_OC4Init)
    TIM_OC4PreloadConfig                     0x08002d0d   Thumb Code    26  stm32f4xx_tim.o(i.TIM_OC4PreloadConfig)
    TIM_SetCompare1                          0x08002d27   Thumb Code     4  stm32f4xx_tim.o(i.TIM_SetCompare1)
    TIM_SetCompare2                          0x08002d2b   Thumb Code     4  stm32f4xx_tim.o(i.TIM_SetCompare2)
    TIM_TimeBaseInit                         0x08002d31   Thumb Code   104  stm32f4xx_tim.o(i.TIM_TimeBaseInit)
    USART1_IRQHandler                        0x08002db5   Thumb Code   122  usart.o(i.USART1_IRQHandler)
    USART_Cmd                                0x08002e3d   Thumb Code    24  stm32f4xx_usart.o(i.USART_Cmd)
    USART_DMACmd                             0x08002e55   Thumb Code    18  stm32f4xx_usart.o(i.USART_DMACmd)
    USART_DeInit                             0x08002e69   Thumb Code   206  stm32f4xx_usart.o(i.USART_DeInit)
    USART_GetITStatus                        0x08002f59   Thumb Code    84  stm32f4xx_usart.o(i.USART_GetITStatus)
    USART_Init                               0x08002fad   Thumb Code   204  stm32f4xx_usart.o(i.USART_Init)
    USART_ReceiveData                        0x08003081   Thumb Code    10  stm32f4xx_usart.o(i.USART_ReceiveData)
    UsageFault_Handler                       0x0800308b   Thumb Code     4  stm32f4xx_it.o(i.UsageFault_Handler)
    __ARM_fpclassifyf                        0x0800308f   Thumb Code    38  fpclassifyf.o(i.__ARM_fpclassifyf)
    __hardfp_asinf                           0x080030b5   Thumb Code   258  asinf.o(i.__hardfp_asinf)
    __hardfp_atan2f                          0x080031e1   Thumb Code   502  atan2f.o(i.__hardfp_atan2f)
    __hardfp_fabs                            0x08003431   Thumb Code    20  fabs.o(i.__hardfp_fabs)
    __mathlib_flt_infnan                     0x08003445   Thumb Code     6  funder.o(i.__mathlib_flt_infnan)
    __mathlib_flt_infnan2                    0x0800344b   Thumb Code     6  funder.o(i.__mathlib_flt_infnan2)
    __mathlib_flt_invalid                    0x08003451   Thumb Code    10  funder.o(i.__mathlib_flt_invalid)
    __mathlib_flt_underflow                  0x08003461   Thumb Code    10  funder.o(i.__mathlib_flt_underflow)
    _sys_exit                                0x08003471   Thumb Code     4  usart.o(i._sys_exit)
    _ttywrch                                 0x08003475   Thumb Code     2  ahrs_middleware.o(i._ttywrch)
    buzzer_init                              0x08003941   Thumb Code   174  buzzer.o(i.buzzer_init)
    buzzer_off                               0x080039f9   Thumb Code    12  buzzer.o(i.buzzer_off)
    buzzer_on                                0x08003a09   Thumb Code    22  buzzer.o(i.buzzer_on)
    cali_gyro_hook                           0x08003a25   Thumb Code    84  ins_task.o(i.cali_gyro_hook)
    control_task                             0x08003a85   Thumb Code    60  control_task.o(i.control_task)
    delay_init                               0x08003acd   Thumb Code    52  delay.o(i.delay_init)
    delay_ms                                 0x08003b09   Thumb Code    56  delay.o(i.delay_ms)
    delay_us                                 0x08003b41   Thumb Code    72  delay.o(i.delay_us)
    delay_xms                                0x08003b8d   Thumb Code    72  delay.o(i.delay_xms)
    fireMotor_control                        0x08003bd9   Thumb Code  2262  firemotor.o(i.fireMotor_control)
    flash_write                              0x080044cd   Thumb Code    14  stmflash.o(i.flash_write)
    get_ADC                                  0x080044e5   Thumb Code    52  adc.o(i.get_ADC)
    get_angle                                0x0800451d   Thumb Code   232  ahrs.o(i.get_angle)
    get_set_temp                             0x08004605   Thumb Code   148  adc.o(i.get_set_temp)
    get_temprate                             0x080046a1   Thumb Code    80  adc.o(i.get_temprate)
    gyro_offset                              0x080046fd   Thumb Code    98  mpu6500driver.o(i.gyro_offset)
    led_configuration                        0x08004765   Thumb Code    72  led.o(i.led_configuration)
    led_green_off                            0x080047b5   Thumb Code    14  led.o(i.led_green_off)
    led_green_on                             0x080047c9   Thumb Code    14  led.o(i.led_green_on)
    led_io_cinfiguration                     0x080047dd   Thumb Code   152  led.o(i.led_io_cinfiguration)
    led_red_off                              0x08004881   Thumb Code    14  led.o(i.led_red_off)
    led_red_on                               0x08004895   Thumb Code    14  led.o(i.led_red_on)
    main                                     0x080048a9   Thumb Code    26  main.o(i.main)
    mpu6500_GPIO_init                        0x080048c5   Thumb Code    48  mpu6500driver_middleware.o(i.mpu6500_GPIO_init)
    mpu6500_SPI_NS_H                         0x080048f9   Thumb Code    12  mpu6500driver_middleware.o(i.mpu6500_SPI_NS_H)
    mpu6500_SPI_NS_L                         0x08004909   Thumb Code    12  mpu6500driver_middleware.o(i.mpu6500_SPI_NS_L)
    mpu6500_com_init                         0x0800496d   Thumb Code     8  mpu6500driver_middleware.o(i.mpu6500_com_init)
    mpu6500_init                             0x08004975   Thumb Code   192  mpu6500driver.o(i.mpu6500_init)
    mpu6500_middleware_delay_ms              0x08004a39   Thumb Code    12  mpu6500driver_middleware.o(i.mpu6500_middleware_delay_ms)
    mpu6500_middleware_delay_us              0x08004a45   Thumb Code    12  mpu6500driver_middleware.o(i.mpu6500_middleware_delay_us)
    mpu6500_read_over                        0x08004a51   Thumb Code   304  mpu6500driver.o(i.mpu6500_read_over)
    mpu6500_read_single_reg                  0x08004b91   Thumb Code    32  mpu6500driver_middleware.o(i.mpu6500_read_single_reg)
    mpu6500_write_single_reg                 0x08004bb1   Thumb Code    28  mpu6500driver_middleware.o(i.mpu6500_write_single_reg)
    pid_incr_calc                            0x08004bcd   Thumb Code   246  rm_pid.o(i.pid_incr_calc)
    pid_incr_init                            0x08004cc5   Thumb Code    82  rm_pid.o(i.pid_incr_init)
    power_ctrl_configuration                 0x08004dbd   Thumb Code    66  power_24v.o(i.power_ctrl_configuration)
    power_ctrl_off                           0x08004e05   Thumb Code    26  power_24v.o(i.power_ctrl_off)
    power_ctrl_on                            0x08004e25   Thumb Code    26  power_24v.o(i.power_ctrl_on)
    sqrtf                                    0x08004ec9   Thumb Code    62  sqrtf_full.o(i.sqrtf)
    temperature_ADC_Reset                    0x08004f09   Thumb Code    38  adc.o(i.temperature_ADC_Reset)
    temperature_ADC_init                     0x08004f35   Thumb Code    80  adc.o(i.temperature_ADC_init)
    __aeabi_d2f                              0x08005005   Thumb Code     0  d2f_clz.o(x$fpl$d2f)
    _d2f                                     0x08005005   Thumb Code   700  d2f_clz.o(x$fpl$d2f)
    __fpl_dcmp_Inf                           0x080052c9   Thumb Code    24  dcmpi.o(x$fpl$dcmpinf)
    __dflt_normalise                         0x080052e1   Thumb Code    26  dflt_clz.o(x$fpl$dfltn)
    __aeabi_cdcmple                          0x080052fd   Thumb Code     0  dleqf.o(x$fpl$dleqf)
    _dcmple                                  0x080052fd   Thumb Code   120  dleqf.o(x$fpl$dleqf)
    __fpl_dcmple_InfNaN                      0x08005355   Thumb Code     0  dleqf.o(x$fpl$dleqf)
    __fpl_dnaninf                            0x08005375   Thumb Code   258  dnaninf.o(x$fpl$dnaninf)
    __fpl_drenorm2                           0x08005477   Thumb Code   106  drenorm_clz.o(x$fpl$drenorm)
    __fpl_drenorm1                           0x080054e1   Thumb Code     6  drenorm_clz.o(x$fpl$drenorm)
    __fpl_dretinf                            0x080054e7   Thumb Code    12  dretinf.o(x$fpl$dretinf)
    __dunder                                 0x080054f3   Thumb Code   314  dunder_clz.o(x$fpl$dunder)
    __dunder_d                               0x0800562d   Thumb Code    64  dunder_clz.o(x$fpl$dunder)
    __fpl_exception                          0x0800566d   Thumb Code   454  except.o(x$fpl$exception)
    __aeabi_f2d                              0x08005859   Thumb Code     0  f2d.o(x$fpl$f2d)
    _f2d                                     0x08005859   Thumb Code   122  f2d.o(x$fpl$f2d)
    __fpl_fnaninf                            0x080058d3   Thumb Code   242  fnaninf.o(x$fpl$fnaninf)
    _fp_init                                 0x080059c5   Thumb Code    10  fpinit.o(x$fpl$fpinit)
    __fplib_config_fpu_vfp                   0x080059cd   Thumb Code     0  fpinit.o(x$fpl$fpinit)
    __fplib_config_pureend_doubles           0x080059cd   Thumb Code     0  fpinit.o(x$fpl$fpinit)
    __fpl_fretinf                            0x080059cf   Thumb Code    10  fretinf.o(x$fpl$fretinf)
    __funder                                 0x080059d9   Thumb Code   254  funder_clz.o(x$fpl$funder)
    __funder_d                               0x08005ad7   Thumb Code    62  funder_clz.o(x$fpl$funder)
    __fpl_return_NaN                         0x08005b15   Thumb Code   178  retnan.o(x$fpl$retnan)
    _fp_trapveneer                           0x08005bc7   Thumb Code    36  trapv.o(x$fpl$trapveneer)
    __fpl_cmpreturn                          0x08005beb   Thumb Code    90  trapv.o(x$fpl$trapveneer)
    __I$use$fp                               0x08005c44   Number         0  usenofp.o(x$fpl$usenofp)
    sinTable_f32                             0x08005ca0   Data        2052  arm_common_tables.o(.constdata)
    Region$$Table$$Base                      0x080064a4   Number         0  anon$$obj.o(Region$$Table)
    Region$$Table$$Limit                     0x080064c4   Number         0  anon$$obj.o(Region$$Table)
    __stdout                                 0x20000014   Data           4  usart.o(.data)
    USART_RX_STA                             0x20000018   Data           2  usart.o(.data)
    temperature                              0x2000001c   Data          12  adc.o(.data)
    PID_INCR_TEMP                            0x20000094   Data          12  ins_task.o(.data)
    ins_set_counts                           0x200000a2   Data           2  ins_task.o(.data)
    mpu_temp                                 0x200000ab   Data           1  bsp.o(.data)
    out_incr                                 0x200000ac   Data           4  rm_pid.o(.data)
    fire_motor                               0x200000b0   Data           8  firemotor.o(.data)
    run_flag                                 0x200000ba   Data           1  imu.o(.data)
    offset_OK_flag                           0x200000bb   Data           1  imu.o(.data)
    offset_OK_flag1                          0x200000bc   Data           1  imu.o(.data)
    USART_RX_BUF                             0x200000d0   Data         200  usart.o(.bss)
    mpu6500_spi_rxbuf                        0x20000198   Data          23  ins_task.o(.bss)
    mpu6500_real_data                        0x200001b0   Data          32  ins_task.o(.bss)
    INS_Angle                                0x20000234   Data          12  ins_task.o(.bss)
    pid                                      0x20000274   Data         304  rm_pid.o(.bss)
    pid_incr                                 0x200003a4   Data          68  rm_pid.o(.bss)
    out                                      0x200003e8   Data          16  rm_pid.o(.bss)
    RXBuff                                   0x200003f8   Data          18  remote.o(.bss)
    rc                                       0x2000040a   Data          28  remote.o(.bss)
    OFFSET_Buffer                            0x20000428   Data          24  stmflash.o(.bss)
    OFFSET_Buffer_Acc                        0x20000440   Data          24  stmflash.o(.bss)
    board_control                            0x20000458   Data          12  firemotor.o(.bss)
    fire_enconderL                           0x20000464   Data          44  firemotor.o(.bss)
    fire_enconderR                           0x20000490   Data          44  firemotor.o(.bss)
    real_angle                               0x200004bc   Data          48  imu.o(.bss)
    __libspace_start                         0x200004ec   Data          96  libspace.o(.bss)
    __temporary_stack_top$libspace           0x2000054c   Data           0  libspace.o(.bss)



==============================================================================

Memory Map of the image

  Image Entry point : 0x080001ad

  Load Region LR_IROM1 (Base: 0x08000000, Size: 0x00006594, Max: 0x00100000, ABSOLUTE)

    Execution Region ER_IROM1 (Base: 0x08000000, Size: 0x000064c4, Max: 0x00100000, ABSOLUTE)

    Base Addr    Size         Type   Attr      Idx    E Section Name        Object

    0x08000000   0x000001ac   Data   RO            3    RESET               startup_stm32f427xx.o
    0x080001ac   0x00000008   Code   RO         7009  * !!!main             c_w.l(__main.o)
    0x080001b4   0x00000034   Code   RO         7295    !!!scatter          c_w.l(__scatter.o)
    0x080001e8   0x0000001a   Code   RO         7297    !!handler_copy      c_w.l(__scatter_copy.o)
    0x08000202   0x00000002   PAD
    0x08000204   0x0000001c   Code   RO         7299    !!handler_zi        c_w.l(__scatter_zi.o)
    0x08000220   0x00000002   Code   RO         7172    .ARM.Collect$$libinit$$00000000  c_w.l(libinit.o)
    0x08000222   0x00000004   Code   RO         7183    .ARM.Collect$$libinit$$00000001  c_w.l(libinit2.o)
    0x08000226   0x00000000   Code   RO         7186    .ARM.Collect$$libinit$$00000004  c_w.l(libinit2.o)
    0x08000226   0x00000000   Code   RO         7189    .ARM.Collect$$libinit$$0000000A  c_w.l(libinit2.o)
    0x08000226   0x00000000   Code   RO         7191    .ARM.Collect$$libinit$$0000000C  c_w.l(libinit2.o)
    0x08000226   0x00000000   Code   RO         7193    .ARM.Collect$$libinit$$0000000E  c_w.l(libinit2.o)
    0x08000226   0x00000000   Code   RO         7196    .ARM.Collect$$libinit$$00000011  c_w.l(libinit2.o)
    0x08000226   0x00000000   Code   RO         7198    .ARM.Collect$$libinit$$00000013  c_w.l(libinit2.o)
    0x08000226   0x00000000   Code   RO         7200    .ARM.Collect$$libinit$$00000015  c_w.l(libinit2.o)
    0x08000226   0x00000000   Code   RO         7202    .ARM.Collect$$libinit$$00000017  c_w.l(libinit2.o)
    0x08000226   0x00000000   Code   RO         7204    .ARM.Collect$$libinit$$00000019  c_w.l(libinit2.o)
    0x08000226   0x00000000   Code   RO         7206    .ARM.Collect$$libinit$$0000001B  c_w.l(libinit2.o)
    0x08000226   0x00000000   Code   RO         7208    .ARM.Collect$$libinit$$0000001D  c_w.l(libinit2.o)
    0x08000226   0x00000000   Code   RO         7210    .ARM.Collect$$libinit$$0000001F  c_w.l(libinit2.o)
    0x08000226   0x00000000   Code   RO         7212    .ARM.Collect$$libinit$$00000021  c_w.l(libinit2.o)
    0x08000226   0x00000000   Code   RO         7214    .ARM.Collect$$libinit$$00000023  c_w.l(libinit2.o)
    0x08000226   0x00000000   Code   RO         7216    .ARM.Collect$$libinit$$00000025  c_w.l(libinit2.o)
    0x08000226   0x00000000   Code   RO         7220    .ARM.Collect$$libinit$$0000002C  c_w.l(libinit2.o)
    0x08000226   0x00000000   Code   RO         7222    .ARM.Collect$$libinit$$0000002E  c_w.l(libinit2.o)
    0x08000226   0x00000000   Code   RO         7224    .ARM.Collect$$libinit$$00000030  c_w.l(libinit2.o)
    0x08000226   0x00000000   Code   RO         7226    .ARM.Collect$$libinit$$00000032  c_w.l(libinit2.o)
    0x08000226   0x00000002   Code   RO         7227    .ARM.Collect$$libinit$$00000033  c_w.l(libinit2.o)
    0x08000228   0x00000002   Code   RO         7251    .ARM.Collect$$libshutdown$$00000000  c_w.l(libshutdown.o)
    0x0800022a   0x00000000   Code   RO         7277    .ARM.Collect$$libshutdown$$00000002  c_w.l(libshutdown2.o)
    0x0800022a   0x00000000   Code   RO         7279    .ARM.Collect$$libshutdown$$00000004  c_w.l(libshutdown2.o)
    0x0800022a   0x00000000   Code   RO         7282    .ARM.Collect$$libshutdown$$00000007  c_w.l(libshutdown2.o)
    0x0800022a   0x00000000   Code   RO         7285    .ARM.Collect$$libshutdown$$0000000A  c_w.l(libshutdown2.o)
    0x0800022a   0x00000000   Code   RO         7287    .ARM.Collect$$libshutdown$$0000000C  c_w.l(libshutdown2.o)
    0x0800022a   0x00000000   Code   RO         7290    .ARM.Collect$$libshutdown$$0000000F  c_w.l(libshutdown2.o)
    0x0800022a   0x00000002   Code   RO         7291    .ARM.Collect$$libshutdown$$00000010  c_w.l(libshutdown2.o)
    0x0800022c   0x00000000   Code   RO         7073    .ARM.Collect$$rtentry$$00000000  c_w.l(__rtentry.o)
    0x0800022c   0x00000000   Code   RO         7131    .ARM.Collect$$rtentry$$00000002  c_w.l(__rtentry2.o)
    0x0800022c   0x00000006   Code   RO         7143    .ARM.Collect$$rtentry$$00000004  c_w.l(__rtentry4.o)
    0x08000232   0x00000000   Code   RO         7133    .ARM.Collect$$rtentry$$00000009  c_w.l(__rtentry2.o)
    0x08000232   0x00000004   Code   RO         7134    .ARM.Collect$$rtentry$$0000000A  c_w.l(__rtentry2.o)
    0x08000236   0x00000000   Code   RO         7136    .ARM.Collect$$rtentry$$0000000C  c_w.l(__rtentry2.o)
    0x08000236   0x00000008   Code   RO         7137    .ARM.Collect$$rtentry$$0000000D  c_w.l(__rtentry2.o)
    0x0800023e   0x00000002   Code   RO         7175    .ARM.Collect$$rtexit$$00000000  c_w.l(rtexit.o)
    0x08000240   0x00000000   Code   RO         7229    .ARM.Collect$$rtexit$$00000002  c_w.l(rtexit2.o)
    0x08000240   0x00000004   Code   RO         7230    .ARM.Collect$$rtexit$$00000003  c_w.l(rtexit2.o)
    0x08000244   0x00000006   Code   RO         7231    .ARM.Collect$$rtexit$$00000004  c_w.l(rtexit2.o)
    0x0800024a   0x00000002   PAD
    0x0800024c   0x0000004c   Code   RO            4    .text               startup_stm32f427xx.o
    0x08000298   0x00000078   Code   RO         6758    .text               arm_cortexM4lf_math.lib(arm_cos_f32.o)
    0x08000310   0x00000074   Code   RO         6811    .text               arm_cortexM4lf_math.lib(arm_sin_f32.o)
    0x08000384   0x00000002   Code   RO         7003    .text               c_w.l(use_no_semi_2.o)
    0x08000386   0x0000004e   Code   RO         7005    .text               c_w.l(rt_memclr_w.o)
    0x080003d4   0x00000006   Code   RO         7007    .text               c_w.l(heapauxi.o)
    0x080003da   0x00000002   Code   RO         7071    .text               c_w.l(use_no_semi.o)
    0x080003dc   0x00000016   Code   RO         7074    .text               c_w.l(_rserrno.o)
    0x080003f2   0x00000002   PAD
    0x080003f4   0x00000008   Code   RO         7148    .text               c_w.l(rt_errno_addr_intlibspace.o)
    0x080003fc   0x00000030   Code   RO         7150    .text               c_w.l(_fptrap.o)
    0x0800042c   0x00000008   Code   RO         7156    .text               c_w.l(libspace.o)
    0x08000434   0x0000004a   Code   RO         7159    .text               c_w.l(sys_stackheap_outer.o)
    0x0800047e   0x00000012   Code   RO         7161    .text               c_w.l(exit.o)
    0x08000490   0x0000000e   Code   RO         7163    .text               c_w.l(defsig_fpe_outer.o)
    0x0800049e   0x0000000a   Code   RO         7179    .text               c_w.l(defsig_exit.o)
    0x080004a8   0x000000ac   Code   RO         7181    .text               c_w.l(defsig_fpe_inner.o)
    0x08000554   0x00000032   Code   RO         7237    .text               c_w.l(defsig_general.o)
    0x08000586   0x00000006   Code   RO          176    i.ADC_ClearFlag     stm32f4xx_adc.o
    0x0800058c   0x00000016   Code   RO          178    i.ADC_Cmd           stm32f4xx_adc.o
    0x080005a2   0x00000002   PAD
    0x080005a4   0x00000030   Code   RO          179    i.ADC_CommonInit    stm32f4xx_adc.o
    0x080005d4   0x00000008   Code   RO          190    i.ADC_GetConversionValue  stm32f4xx_adc.o
    0x080005dc   0x00000012   Code   RO          191    i.ADC_GetFlagStatus  stm32f4xx_adc.o
    0x080005ee   0x00000002   PAD
    0x080005f0   0x00000054   Code   RO          198    i.ADC_Init          stm32f4xx_adc.o
    0x08000644   0x000000b8   Code   RO          203    i.ADC_RegularChannelConfig  stm32f4xx_adc.o
    0x080006fc   0x0000000a   Code   RO          205    i.ADC_SoftwareStartConv  stm32f4xx_adc.o
    0x08000706   0x00000002   PAD
    0x08000708   0x0000002c   Code   RO          208    i.ADC_TempSensorVrefintCmd  stm32f4xx_adc.o
    0x08000734   0x00000018   Code   RO         5315    i.AHRS_asinf        ahrs_middleware.o
    0x0800074c   0x00000020   Code   RO         5316    i.AHRS_atan2f       ahrs_middleware.o
    0x0800076c   0x00000018   Code   RO         5317    i.AHRS_cosf         ahrs_middleware.o
    0x08000784   0x0000001a   Code   RO         6832    i.AHRS_fabs         AHRS.lib(ahrs.o)
    0x0800079e   0x00000002   PAD
    0x080007a0   0x00000010   Code   RO         5318    i.AHRS_get_height   ahrs_middleware.o
    0x080007b0   0x00000002   Code   RO         5319    i.AHRS_get_latitude  ahrs_middleware.o
    0x080007b2   0x00000002   PAD
    0x080007b4   0x0000029c   Code   RO         6833    i.AHRS_init         AHRS.lib(ahrs.o)
    0x08000a50   0x0000003c   Code   RO         5320    i.AHRS_invSqrt      ahrs_middleware.o
    0x08000a8c   0x00000018   Code   RO         5321    i.AHRS_sinf         ahrs_middleware.o
    0x08000aa4   0x0000013a   Code   RO         6834    i.AHRS_update       AHRS.lib(ahrs.o)
    0x08000bde   0x00000002   PAD
    0x08000be0   0x000000c0   Code   RO         6226    i.All_Pid_Configuration  rm_pid.o
    0x08000ca0   0x0000007c   Code   RO         6157    i.BSP_Init          bsp.o
    0x08000d1c   0x00000004   Code   RO         6059    i.BusFault_Handler  stm32f4xx_it.o
    0x08000d20   0x000001c8   Code   RO         6227    i.Calculate_Current_Value  rm_pid.o
    0x08000ee8   0x000002a8   Code   RO         6291    i.DMA2_Stream2_IRQHandler  remote.o
    0x08001190   0x00000060   Code   RO         6664    i.DMA2_Stream5_IRQHandler  imu.o
    0x080011f0   0x00000034   Code   RO         1197    i.DMA_ClearFlag     stm32f4xx_dma.o
    0x08001224   0x00000034   Code   RO         1198    i.DMA_ClearITPendingBit  stm32f4xx_dma.o
    0x08001258   0x00000016   Code   RO         1199    i.DMA_Cmd           stm32f4xx_dma.o
    0x0800126e   0x00000002   PAD
    0x08001270   0x00000158   Code   RO         1200    i.DMA_DeInit        stm32f4xx_dma.o
    0x080013c8   0x00000014   Code   RO         1204    i.DMA_GetCmdStatus  stm32f4xx_dma.o
    0x080013dc   0x00000044   Code   RO         1208    i.DMA_GetFlagStatus  stm32f4xx_dma.o
    0x08001420   0x00000064   Code   RO         1209    i.DMA_GetITStatus   stm32f4xx_dma.o
    0x08001484   0x0000003a   Code   RO         1210    i.DMA_ITConfig      stm32f4xx_dma.o
    0x080014be   0x00000002   PAD
    0x080014c0   0x00000058   Code   RO         1211    i.DMA_Init          stm32f4xx_dma.o
    0x08001518   0x00000004   Code   RO         1214    i.DMA_SetCurrDataCounter  stm32f4xx_dma.o
    0x0800151c   0x00000002   Code   RO         6060    i.DebugMon_Handler  stm32f4xx_it.o
    0x0800151e   0x00000020   Code   RO         6665    i.EXTI9_5_IRQHandler  imu.o
    0x0800153e   0x00000002   PAD
    0x08001540   0x0000000c   Code   RO         1483    i.EXTI_ClearITPendingBit  stm32f4xx_exti.o
    0x0800154c   0x00000018   Code   RO         1487    i.EXTI_GetITStatus  stm32f4xx_exti.o
    0x08001564   0x00000094   Code   RO         1488    i.EXTI_Init         stm32f4xx_exti.o
    0x080015f8   0x00000024   Code   RO         1549    i.FLASH_DataCacheCmd  stm32f4xx_flash.o
    0x0800161c   0x00000088   Code   RO         1554    i.FLASH_EraseSector  stm32f4xx_flash.o
    0x080016a4   0x00000054   Code   RO         1556    i.FLASH_GetStatus   stm32f4xx_flash.o
    0x080016f8   0x00000014   Code   RO         1560    i.FLASH_Lock        stm32f4xx_flash.o
    0x0800170c   0x00000050   Code   RO         1584    i.FLASH_ProgramWord  stm32f4xx_flash.o
    0x0800175c   0x00000024   Code   RO         1586    i.FLASH_Unlock      stm32f4xx_flash.o
    0x08001780   0x00000022   Code   RO         1587    i.FLASH_WaitForLastOperation  stm32f4xx_flash.o
    0x080017a2   0x00000090   Code   RO         2044    i.GPIO_Init         stm32f4xx_gpio.o
    0x08001832   0x00000046   Code   RO         2045    i.GPIO_PinAFConfig  stm32f4xx_gpio.o
    0x08001878   0x00000004   Code   RO         2051    i.GPIO_ResetBits    stm32f4xx_gpio.o
    0x0800187c   0x00000004   Code   RO         2052    i.GPIO_SetBits      stm32f4xx_gpio.o
    0x08001880   0x00000004   Code   RO         6061    i.HardFault_Handler  stm32f4xx_it.o
    0x08001884   0x0000012c   Code   RO         5919    i.IMU_Cali_Slove    ins_task.o
    0x080019b0   0x0000003c   Code   RO         6666    i.IMU_Configure     imu.o
    0x080019ec   0x00000084   Code   RO         6669    i.IMU_INT_Configure  imu.o
    0x08001a70   0x00000064   Code   RO         6670    i.IMU_control_decide  imu.o
    0x08001ad4   0x000000c0   Code   RO         5920    i.IMU_temp_Control  ins_task.o
    0x08001b94   0x00000268   Code   RO         5921    i.INSTask           ins_task.o
    0x08001dfc   0x00000074   Code   RO         5922    i.INS_cali_gyro     ins_task.o
    0x08001e70   0x00000030   Code   RO         5923    i.INS_set_cali_gyro  ins_task.o
    0x08001ea0   0x00000004   Code   RO         6062    i.MemManage_Handler  stm32f4xx_it.o
    0x08001ea4   0x00000002   Code   RO         6063    i.NMI_Handler       stm32f4xx_it.o
    0x08001ea6   0x00000002   PAD
    0x08001ea8   0x00000078   Code   RO           13    i.NVIC_Init         misc.o
    0x08001f20   0x00000014   Code   RO           14    i.NVIC_PriorityGroupConfig  misc.o
    0x08001f34   0x00000020   Code   RO         2982    i.RCC_AHB1PeriphClockCmd  stm32f4xx_rcc.o
    0x08001f54   0x00000020   Code   RO         2991    i.RCC_APB1PeriphClockCmd  stm32f4xx_rcc.o
    0x08001f74   0x00000020   Code   RO         2993    i.RCC_APB1PeriphResetCmd  stm32f4xx_rcc.o
    0x08001f94   0x00000020   Code   RO         2994    i.RCC_APB2PeriphClockCmd  stm32f4xx_rcc.o
    0x08001fb4   0x00000020   Code   RO         2996    i.RCC_APB2PeriphResetCmd  stm32f4xx_rcc.o
    0x08001fd4   0x000000e8   Code   RO         3003    i.RCC_GetClocksFreq  stm32f4xx_rcc.o
    0x080020bc   0x00000028   Code   RO         6327    i.Read_Offset       stmflash.o
    0x080020e4   0x00000120   Code   RO         6292    i.Remote_uart1_init  remote.o
    0x08002204   0x000000c0   Code   RO         6387    i.SPI5Init          spi.o
    0x080022c4   0x00000030   Code   RO         6388    i.SPI5SetSpeedAndDataSize  spi.o
    0x080022f4   0x00000074   Code   RO         6390    i.SPI5_DMA_Enable   spi.o
    0x08002368   0x000000f8   Code   RO         6391    i.SPI5_DMA_Init     spi.o
    0x08002460   0x00000018   Code   RO         4143    i.SPI_Cmd           stm32f4xx_spi.o
    0x08002478   0x00000012   Code   RO         4149    i.SPI_I2S_DMACmd    stm32f4xx_spi.o
    0x0800248a   0x00000012   Code   RO         4151    i.SPI_I2S_GetFlagStatus  stm32f4xx_spi.o
    0x0800249c   0x00000006   Code   RO         4154    i.SPI_I2S_ReceiveData  stm32f4xx_spi.o
    0x080024a2   0x00000004   Code   RO         4155    i.SPI_I2S_SendData  stm32f4xx_spi.o
    0x080024a6   0x0000003c   Code   RO         4156    i.SPI_Init          stm32f4xx_spi.o
    0x080024e2   0x00000002   PAD
    0x080024e4   0x000000a0   Code   RO         6328    i.STMFLASH_GetFlashSector  stmflash.o
    0x08002584   0x00000020   Code   RO         6329    i.STMFLASH_Read     stmflash.o
    0x080025a4   0x00000006   Code   RO         6330    i.STMFLASH_ReadWord  stmflash.o
    0x080025aa   0x00000002   PAD
    0x080025ac   0x00000098   Code   RO         6331    i.STMFLASH_Write    stmflash.o
    0x08002644   0x00000040   Code   RO         4308    i.SYSCFG_EXTILineConfig  stm32f4xx_syscfg.o
    0x08002684   0x00000120   Code   RO         6116    i.SetSysClock       system_stm32f4xx.o
    0x080027a4   0x00000028   Code   RO           17    i.SysTick_CLKSourceConfig  misc.o
    0x080027cc   0x00000068   Code   RO         6118    i.SystemInit        system_stm32f4xx.o
    0x08002834   0x00000110   Code   RO         6435    i.TIM1_FireMotor_Configure  pwm.o
    0x08002944   0x000000d4   Code   RO         6436    i.TIM3_Init         pwm.o
    0x08002a18   0x0000004c   Code   RO         6184    i.TIM6_Configure    timer.o
    0x08002a64   0x0000002c   Code   RO         6185    i.TIM6_DAC_IRQHandler  timer.o
    0x08002a90   0x00000024   Code   RO         6186    i.TIM6_Start        timer.o
    0x08002ab4   0x00000018   Code   RO         4369    i.TIM_ARRPreloadConfig  stm32f4xx_tim.o
    0x08002acc   0x00000006   Code   RO         4375    i.TIM_ClearFlag     stm32f4xx_tim.o
    0x08002ad2   0x00000006   Code   RO         4376    i.TIM_ClearITPendingBit  stm32f4xx_tim.o
    0x08002ad8   0x00000018   Code   RO         4381    i.TIM_Cmd           stm32f4xx_tim.o
    0x08002af0   0x0000001e   Code   RO         4383    i.TIM_CtrlPWMOutputs  stm32f4xx_tim.o
    0x08002b0e   0x00000022   Code   RO         4402    i.TIM_GetITStatus   stm32f4xx_tim.o
    0x08002b30   0x00000012   Code   RO         4406    i.TIM_ITConfig      stm32f4xx_tim.o
    0x08002b42   0x00000002   PAD
    0x08002b44   0x0000007c   Code   RO         4410    i.TIM_OC1Init       stm32f4xx_tim.o
    0x08002bc0   0x00000012   Code   RO         4413    i.TIM_OC1PreloadConfig  stm32f4xx_tim.o
    0x08002bd2   0x00000002   PAD
    0x08002bd4   0x000000a4   Code   RO         4415    i.TIM_OC2Init       stm32f4xx_tim.o
    0x08002c78   0x0000001a   Code   RO         4418    i.TIM_OC2PreloadConfig  stm32f4xx_tim.o
    0x08002c92   0x00000002   PAD
    0x08002c94   0x00000078   Code   RO         4425    i.TIM_OC4Init       stm32f4xx_tim.o
    0x08002d0c   0x0000001a   Code   RO         4427    i.TIM_OC4PreloadConfig  stm32f4xx_tim.o
    0x08002d26   0x00000004   Code   RO         4443    i.TIM_SetCompare1   stm32f4xx_tim.o
    0x08002d2a   0x00000004   Code   RO         4444    i.TIM_SetCompare2   stm32f4xx_tim.o
    0x08002d2e   0x00000002   PAD
    0x08002d30   0x00000084   Code   RO         4453    i.TIM_TimeBaseInit  stm32f4xx_tim.o
    0x08002db4   0x00000088   Code   RO         5261    i.USART1_IRQHandler  usart.o
    0x08002e3c   0x00000018   Code   RO         4935    i.USART_Cmd         stm32f4xx_usart.o
    0x08002e54   0x00000012   Code   RO         4936    i.USART_DMACmd      stm32f4xx_usart.o
    0x08002e66   0x00000002   PAD
    0x08002e68   0x000000f0   Code   RO         4937    i.USART_DeInit      stm32f4xx_usart.o
    0x08002f58   0x00000054   Code   RO         4939    i.USART_GetITStatus  stm32f4xx_usart.o
    0x08002fac   0x000000d4   Code   RO         4942    i.USART_Init        stm32f4xx_usart.o
    0x08003080   0x0000000a   Code   RO         4949    i.USART_ReceiveData  stm32f4xx_usart.o
    0x0800308a   0x00000004   Code   RO         6064    i.UsageFault_Handler  stm32f4xx_it.o
    0x0800308e   0x00000026   Code   RO         7099    i.__ARM_fpclassifyf  m_wm.l(fpclassifyf.o)
    0x080030b4   0x0000012c   Code   RO         7029    i.__hardfp_asinf    m_wm.l(asinf.o)
    0x080031e0   0x00000250   Code   RO         7041    i.__hardfp_atan2f   m_wm.l(atan2f.o)
    0x08003430   0x00000014   Code   RO         7053    i.__hardfp_fabs     m_wm.l(fabs.o)
    0x08003444   0x00000006   Code   RO         7102    i.__mathlib_flt_infnan  m_wm.l(funder.o)
    0x0800344a   0x00000006   Code   RO         7103    i.__mathlib_flt_infnan2  m_wm.l(funder.o)
    0x08003450   0x00000010   Code   RO         7104    i.__mathlib_flt_invalid  m_wm.l(funder.o)
    0x08003460   0x00000010   Code   RO         7107    i.__mathlib_flt_underflow  m_wm.l(funder.o)
    0x08003470   0x00000004   Code   RO         5262    i._sys_exit         usart.o
    0x08003474   0x00000002   Code   RO         5323    i._ttywrch          ahrs_middleware.o
    0x08003476   0x00000002   PAD
    0x08003478   0x000001d0   Code   RO         6835    i.accel_comple_filter  AHRS.lib(ahrs.o)
    0x08003648   0x0000018c   Code   RO         6836    i.accel_update_kp_ki  AHRS.lib(ahrs.o)
    0x080037d4   0x0000016c   Code   RO         6837    i.angle_to_quat     AHRS.lib(ahrs.o)
    0x08003940   0x000000b8   Code   RO         6471    i.buzzer_init       buzzer.o
    0x080039f8   0x00000010   Code   RO         6472    i.buzzer_off        buzzer.o
    0x08003a08   0x0000001c   Code   RO         6473    i.buzzer_on         buzzer.o
    0x08003a24   0x00000060   Code   RO         5924    i.cali_gyro_hook    ins_task.o
    0x08003a84   0x00000048   Code   RO         6733    i.control_task      control_task.o
    0x08003acc   0x0000003c   Code   RO         5189    i.delay_init        delay.o
    0x08003b08   0x00000038   Code   RO         5190    i.delay_ms          delay.o
    0x08003b40   0x0000004c   Code   RO         5191    i.delay_us          delay.o
    0x08003b8c   0x0000004c   Code   RO         5192    i.delay_xms         delay.o
    0x08003bd8   0x000008f4   Code   RO         6633    i.fireMotor_control  firemotor.o
    0x080044cc   0x00000018   Code   RO         6332    i.flash_write       stmflash.o
    0x080044e4   0x00000038   Code   RO         5865    i.get_ADC           adc.o
    0x0800451c   0x000000e8   Code   RO         6838    i.get_angle         AHRS.lib(ahrs.o)
    0x08004604   0x0000009c   Code   RO         5866    i.get_set_temp      adc.o
    0x080046a0   0x0000005c   Code   RO         5867    i.get_temprate      adc.o
    0x080046fc   0x00000068   Code   RO         5563    i.gyro_offset       mpu6500driver.o
    0x08004764   0x00000050   Code   RO         6552    i.led_configuration  led.o
    0x080047b4   0x00000014   Code   RO         6553    i.led_green_off     led.o
    0x080047c8   0x00000014   Code   RO         6554    i.led_green_on      led.o
    0x080047dc   0x000000a4   Code   RO         6556    i.led_io_cinfiguration  led.o
    0x08004880   0x00000014   Code   RO         6557    i.led_red_off       led.o
    0x08004894   0x00000014   Code   RO         6558    i.led_red_on        led.o
    0x080048a8   0x0000001a   Code   RO         5998    i.main              main.o
    0x080048c2   0x00000002   PAD
    0x080048c4   0x00000034   Code   RO         5660    i.mpu6500_GPIO_init  mpu6500driver_middleware.o
    0x080048f8   0x00000010   Code   RO         5661    i.mpu6500_SPI_NS_H  mpu6500driver_middleware.o
    0x08004908   0x00000010   Code   RO         5662    i.mpu6500_SPI_NS_L  mpu6500driver_middleware.o
    0x08004918   0x00000054   Code   RO         5663    i.mpu6500_SPI_read_write_byte  mpu6500driver_middleware.o
    0x0800496c   0x00000008   Code   RO         5664    i.mpu6500_com_init  mpu6500driver_middleware.o
    0x08004974   0x000000c4   Code   RO         5564    i.mpu6500_init      mpu6500driver.o
    0x08004a38   0x0000000c   Code   RO         5665    i.mpu6500_middleware_delay_ms  mpu6500driver_middleware.o
    0x08004a44   0x0000000c   Code   RO         5666    i.mpu6500_middleware_delay_us  mpu6500driver_middleware.o
    0x08004a50   0x00000140   Code   RO         5567    i.mpu6500_read_over  mpu6500driver.o
    0x08004b90   0x00000020   Code   RO         5668    i.mpu6500_read_single_reg  mpu6500driver_middleware.o
    0x08004bb0   0x0000001c   Code   RO         5670    i.mpu6500_write_single_reg  mpu6500driver_middleware.o
    0x08004bcc   0x000000f6   Code   RO         6229    i.pid_incr_calc     rm_pid.o
    0x08004cc2   0x00000002   PAD
    0x08004cc4   0x00000058   Code   RO         6230    i.pid_incr_init     rm_pid.o
    0x08004d1c   0x00000078   Code   RO         6231    i.pid_init          rm_pid.o
    0x08004d94   0x00000028   Code   RO         6232    i.pid_reset         rm_pid.o
    0x08004dbc   0x00000048   Code   RO         6507    i.power_ctrl_configuration  power_24v.o
    0x08004e04   0x00000020   Code   RO         6508    i.power_ctrl_off    power_24v.o
    0x08004e24   0x00000020   Code   RO         6509    i.power_ctrl_on     power_24v.o
    0x08004e44   0x00000084   Code   RO         6843    i.quat_normalization  AHRS.lib(ahrs.o)
    0x08004ec8   0x0000003e   Code   RO         7120    i.sqrtf             m_wm.l(sqrtf_full.o)
    0x08004f06   0x00000002   PAD
    0x08004f08   0x0000002c   Code   RO         5868    i.temperature_ADC_Reset  adc.o
    0x08004f34   0x00000054   Code   RO         5869    i.temperature_ADC_init  adc.o
    0x08004f88   0x0000007a   Code   RO         6844    i.update_w          AHRS.lib(ahrs.o)
    0x08005002   0x00000002   PAD
    0x08005004   0x000002c4   Code   RO         7011    x$fpl$d2f           g_wm.l(d2f_clz.o)
    0x080052c8   0x00000018   Code   RO         7076    x$fpl$dcmpinf       g_wm.l(dcmpi.o)
    0x080052e0   0x0000001a   Code   RO         7080    x$fpl$dfltn         g_wm.l(dflt_clz.o)
    0x080052fa   0x00000002   PAD
    0x080052fc   0x00000078   Code   RO         7013    x$fpl$dleqf         g_wm.l(dleqf.o)
    0x08005374   0x00000102   Code   RO         7084    x$fpl$dnaninf       g_wm.l(dnaninf.o)
    0x08005476   0x00000070   Code   RO         7173    x$fpl$drenorm       g_wm.l(drenorm_clz.o)
    0x080054e6   0x0000000c   Code   RO         7086    x$fpl$dretinf       g_wm.l(dretinf.o)
    0x080054f2   0x0000017a   Code   RO         7152    x$fpl$dunder        g_wm.l(dunder_clz.o)
    0x0800566c   0x000001ec   Code   RO         7088    x$fpl$exception     g_wm.l(except.o)
    0x08005858   0x0000007a   Code   RO         7015    x$fpl$f2d           g_wm.l(f2d.o)
    0x080058d2   0x000000f2   Code   RO         7090    x$fpl$fnaninf       g_wm.l(fnaninf.o)
    0x080059c4   0x0000000a   Code   RO         7241    x$fpl$fpinit        g_wm.l(fpinit.o)
    0x080059ce   0x0000000a   Code   RO         7092    x$fpl$fretinf       g_wm.l(fretinf.o)
    0x080059d8   0x0000013c   Code   RO         7094    x$fpl$funder        g_wm.l(funder_clz.o)
    0x08005b14   0x000000b2   Code   RO         7154    x$fpl$retnan        g_wm.l(retnan.o)
    0x08005bc6   0x0000007e   Code   RO         7096    x$fpl$trapveneer    g_wm.l(trapv.o)
    0x08005c44   0x00000000   Code   RO         7098    x$fpl$usenofp       g_wm.l(usenofp.o)
    0x08005c44   0x0000002a   Data   RO         5569    .constdata          mpu6500driver.o
    0x08005c6e   0x00000002   PAD
    0x08005c70   0x0000000c   Data   RO         5929    .constdata          ins_task.o
    0x08005c7c   0x00000017   Data   RO         6672    .constdata          imu.o
    0x08005c93   0x00000001   PAD
    0x08005c94   0x0000000c   Data   RO         6845    .constdata          AHRS.lib(ahrs.o)
    0x08005ca0   0x00000804   Data   RO         6978    .constdata          arm_cortexM4lf_math.lib(arm_common_tables.o)
    0x080064a4   0x00000020   Data   RO         7293    Region$$Table       anon$$obj.o


    Execution Region RW_IRAM2 (Base: 0x10000000, Size: 0x00000000, Max: 0x00010000, ABSOLUTE)

    **** No section assigned to this execution region ****


    Execution Region RW_IRAM1 (Base: 0x20000000, Size: 0x00000950, Max: 0x00030000, ABSOLUTE)

    Base Addr    Size         Type   Attr      Idx    E Section Name        Object

    0x20000000   0x00000010   Data   RW         3035    .data               stm32f4xx_rcc.o
    0x20000010   0x00000004   Data   RW         5193    .data               delay.o
    0x20000014   0x00000006   Data   RW         5266    .data               usart.o
    0x2000001a   0x00000001   Data   RW         5570    .data               mpu6500driver.o
    0x2000001b   0x00000001   PAD
    0x2000001c   0x0000000c   Data   RW         5870    .data               adc.o
    0x20000028   0x00000083   Data   RW         5930    .data               ins_task.o
    0x200000ab   0x00000001   Data   RW         6158    .data               bsp.o
    0x200000ac   0x00000004   Data   RW         6234    .data               rm_pid.o
    0x200000b0   0x0000000a   Data   RW         6635    .data               firemotor.o
    0x200000ba   0x00000003   Data   RW         6673    .data               imu.o
    0x200000bd   0x00000003   PAD
    0x200000c0   0x00000010   Data   RW         6846    .data               AHRS.lib(ahrs.o)
    0x200000d0   0x000000c8   Zero   RW         5265    .bss                usart.o
    0x20000198   0x000000dc   Zero   RW         5928    .bss                ins_task.o
    0x20000274   0x00000184   Zero   RW         6233    .bss                rm_pid.o
    0x200003f8   0x0000002e   Zero   RW         6293    .bss                remote.o
    0x20000426   0x00000002   PAD
    0x20000428   0x00000030   Zero   RW         6333    .bss                stmflash.o
    0x20000458   0x00000064   Zero   RW         6634    .bss                firemotor.o
    0x200004bc   0x00000030   Zero   RW         6671    .bss                imu.o
    0x200004ec   0x00000060   Zero   RW         7157    .bss                c_w.l(libspace.o)
    0x2000054c   0x00000004   PAD
    0x20000550   0x00000000   Zero   RW            2    HEAP                startup_stm32f427xx.o
    0x20000550   0x00000400   Zero   RW            1    STACK               startup_stm32f427xx.o


==============================================================================

Image component sizes


      Code (inc. data)   RO Data    RW Data    ZI Data      Debug   Object Name

       432         34          0         12          0       3437   adc.o
       184          8          0          0          0       5683   ahrs_middleware.o
       124         10          0          1          0        806   bsp.o
       228         20          0          0          0       1695   buzzer.o
        72         12          0          0          0        523   control_task.o
       268         16          0          4          0       2487   delay.o
      2292        126          0         10        100       2425   firemotor.o
       420         62         23          3         48       4730   imu.o
      1368        194         12        131        220       6622   ins_task.o
       324         44          0          0          0       2985   led.o
        26          0          0          0          0        451   main.o
       180         24          0          0          0     345629   misc.o
       620         26         42          1          0       4637   mpu6500driver.o
       260         18          0          0          0       5226   mpu6500driver_middleware.o
       136         18          0          0          0       1680   power_24v.o
       484         24          0          0          0       1535   pwm.o
       968         48          0          0         46       2634   remote.o
      1142         44          0          4        388       5726   rm_pid.o
       604         36          0          0          0       2583   spi.o
        76         28        428          0       1024        880   startup_stm32f427xx.o
       424         34          0          0          0       6581   stm32f4xx_adc.o
       808         86          0          0          0       7627   stm32f4xx_dma.o
       184         16          0          0          0       2056   stm32f4xx_exti.o
       426         40          0          0          0       4444   stm32f4xx_flash.o
       222          0          0          0          0       2835   stm32f4xx_gpio.o
        20          0          0          0          0       2681   stm32f4xx_it.o
       392         48          0         16          0       5789   stm32f4xx_rcc.o
       130          0          0          0          0       4051   stm32f4xx_spi.o
        64          4          0          0          0        648   stm32f4xx_syscfg.o
       760         56          0          0          0      10357   stm32f4xx_tim.o
       588         42          0          0          0       4635   stm32f4xx_usart.o
       414         66          0          0         48       4461   stmflash.o
       392         32          0          0          0       1485   system_stm32f4xx.o
       156         16          0          0          0       1504   timer.o
       140         14          0          6        200       2952   usart.o

    ----------------------------------------------------------------------
     15364       1246        540        192       2076     464480   Object Totals
         0          0         32          0          0          0   (incl. Generated)
        36          0          3          4          2          0   (incl. Padding)

    ----------------------------------------------------------------------

      Code (inc. data)   RO Data    RW Data    ZI Data      Debug   Library Member Name

      2718         84         12         16          0       9922   ahrs.o
         0          0       2052          0          0       4636   arm_common_tables.o
       120         12          0          0          0      16970   arm_cos_f32.o
       116         12          0          0          0        658   arm_sin_f32.o
         8          0          0          0          0         68   __main.o
         0          0          0          0          0          0   __rtentry.o
        12          0          0          0          0          0   __rtentry2.o
         6          0          0          0          0          0   __rtentry4.o
        52          8          0          0          0          0   __scatter.o
        26          0          0          0          0          0   __scatter_copy.o
        28          0          0          0          0          0   __scatter_zi.o
        48          4          0          0          0         84   _fptrap.o
        22          0          0          0          0        100   _rserrno.o
        10          0          0          0          0         68   defsig_exit.o
       172        110          0          0          0         76   defsig_fpe_inner.o
        14          0          0          0          0         80   defsig_fpe_outer.o
        50          0          0          0          0         88   defsig_general.o
        18          0          0          0          0         80   exit.o
         6          0          0          0          0        152   heapauxi.o
         2          0          0          0          0          0   libinit.o
         6          0          0          0          0          0   libinit2.o
         2          0          0          0          0          0   libshutdown.o
         2          0          0          0          0          0   libshutdown2.o
         8          4          0          0         96         68   libspace.o
         8          4          0          0          0         68   rt_errno_addr_intlibspace.o
        78          0          0          0          0         80   rt_memclr_w.o
         2          0          0          0          0          0   rtexit.o
        10          0          0          0          0          0   rtexit2.o
        74          0          0          0          0         80   sys_stackheap_outer.o
         2          0          0          0          0         68   use_no_semi.o
         2          0          0          0          0         68   use_no_semi_2.o
       708         16          0          0          0        140   d2f_clz.o
        24          0          0          0          0        116   dcmpi.o
        26          0          0          0          0        116   dflt_clz.o
       120          8          0          0          0        140   dleqf.o
       258          4          0          0          0        156   dnaninf.o
       112          0          0          0          0        160   drenorm_clz.o
        12          0          0          0          0        116   dretinf.o
       378          0          0          0          0        168   dunder_clz.o
       492         36          0          0          0        148   except.o
       122          8          0          0          0        132   f2d.o
       242          4          0          0          0        144   fnaninf.o
        10          0          0          0          0        116   fpinit.o
        10          0          0          0          0        116   fretinf.o
       316          0          0          0          0        132   funder_clz.o
       178          0          0          0          0        116   retnan.o
       126          0          0          0          0        148   trapv.o
         0          0          0          0          0          0   usenofp.o
       300         42          0          0          0        176   asinf.o
       592         90          0          0          0        184   atan2f.o
        20          0          0          0          0        124   fabs.o
        38          0          0          0          0        116   fpclassifyf.o
        44         12          0          0          0        464   funder.o
        62          0          0          0          0        136   sqrtf_full.o

    ----------------------------------------------------------------------
      7828        458       2064         16        100      36778   Library Totals
        16          0          0          0          4          0   (incl. Padding)

    ----------------------------------------------------------------------

      Code (inc. data)   RO Data    RW Data    ZI Data      Debug   Library Name

      2718         84         12         16          0       9922   AHRS.lib
       236         24       2052          0          0      22264   arm_cortexM4lf_math.lib
       668        130          0          0         96       1228   c_w.l
      3134         76          0          0          0       2164   g_wm.l
      1056        144          0          0          0       1200   m_wm.l

    ----------------------------------------------------------------------
      7828        458       2064         16        100      36778   Library Totals

    ----------------------------------------------------------------------

==============================================================================


      Code (inc. data)   RO Data    RW Data    ZI Data      Debug   

     23192       1704       2604        208       2176     482486   Grand Totals
     23192       1704       2604        208       2176     482486   ELF Image Totals
     23192       1704       2604        208          0          0   ROM Totals

==============================================================================

    Total RO  Size (Code + RO Data)                25796 (  25.19kB)
    Total RW  Size (RW Data + ZI Data)              2384 (   2.33kB)
    Total ROM Size (Code + RO Data + RW Data)      26004 (  25.39kB)

==============================================================================

